Archive member included to satisfy reference by file (symbol)

c:/program files/microchip/xc8/v2.36/avr/bin/../lib/gcc/avr/5.4.0/../../../../avr/lib/avr5/memx-const\libm.a(addsf3.o)
                              HAL/OLED/OLED_SSD1306.o (__subsf3)
c:/program files/microchip/xc8/v2.36/avr/bin/../lib/gcc/avr/5.4.0/../../../../avr/lib/avr5/memx-const\libm.a(addsf3x.o)
                              c:/program files/microchip/xc8/v2.36/avr/bin/../lib/gcc/avr/5.4.0/../../../../avr/lib/avr5/memx-const\libm.a(addsf3.o) (__addsf3x)
c:/program files/microchip/xc8/v2.36/avr/bin/../lib/gcc/avr/5.4.0/../../../../avr/lib/avr5/memx-const\libm.a(cmpsf2.o)
                              APP/APP.o (__ltsf2)
c:/program files/microchip/xc8/v2.36/avr/bin/../lib/gcc/avr/5.4.0/../../../../avr/lib/avr5/memx-const\libm.a(divsf3.o)
                              HAL/SERVO_MOTOR/SERVO_MOTOR.o (__divsf3)
c:/program files/microchip/xc8/v2.36/avr/bin/../lib/gcc/avr/5.4.0/../../../../avr/lib/avr5/memx-const\libm.a(divsf3x.o)
                              c:/program files/microchip/xc8/v2.36/avr/bin/../lib/gcc/avr/5.4.0/../../../../avr/lib/avr5/memx-const\libm.a(divsf3.o) (__divsf3x)
c:/program files/microchip/xc8/v2.36/avr/bin/../lib/gcc/avr/5.4.0/../../../../avr/lib/avr5/memx-const\libm.a(fixunssfsi.o)
                              HAL/OLED/OLED_SSD1306.o (__fixunssfsi)
c:/program files/microchip/xc8/v2.36/avr/bin/../lib/gcc/avr/5.4.0/../../../../avr/lib/avr5/memx-const\libm.a(floatsisf.o)
                              HAL/OLED/OLED_SSD1306.o (__floatunsisf)
c:/program files/microchip/xc8/v2.36/avr/bin/../lib/gcc/avr/5.4.0/../../../../avr/lib/avr5/memx-const\libm.a(fp_cmp.o)
                              c:/program files/microchip/xc8/v2.36/avr/bin/../lib/gcc/avr/5.4.0/../../../../avr/lib/avr5/memx-const\libm.a(cmpsf2.o) (__fp_cmp)
c:/program files/microchip/xc8/v2.36/avr/bin/../lib/gcc/avr/5.4.0/../../../../avr/lib/avr5/memx-const\libm.a(fp_inf.o)
                              c:/program files/microchip/xc8/v2.36/avr/bin/../lib/gcc/avr/5.4.0/../../../../avr/lib/avr5/memx-const\libm.a(addsf3x.o) (__fp_inf)
c:/program files/microchip/xc8/v2.36/avr/bin/../lib/gcc/avr/5.4.0/../../../../avr/lib/avr5/memx-const\libm.a(fp_nan.o)
                              c:/program files/microchip/xc8/v2.36/avr/bin/../lib/gcc/avr/5.4.0/../../../../avr/lib/avr5/memx-const\libm.a(addsf3x.o) (__fp_nan)
c:/program files/microchip/xc8/v2.36/avr/bin/../lib/gcc/avr/5.4.0/../../../../avr/lib/avr5/memx-const\libm.a(fp_pscA.o)
                              c:/program files/microchip/xc8/v2.36/avr/bin/../lib/gcc/avr/5.4.0/../../../../avr/lib/avr5/memx-const\libm.a(addsf3x.o) (__fp_pscA)
c:/program files/microchip/xc8/v2.36/avr/bin/../lib/gcc/avr/5.4.0/../../../../avr/lib/avr5/memx-const\libm.a(fp_pscB.o)
                              c:/program files/microchip/xc8/v2.36/avr/bin/../lib/gcc/avr/5.4.0/../../../../avr/lib/avr5/memx-const\libm.a(addsf3x.o) (__fp_pscB)
c:/program files/microchip/xc8/v2.36/avr/bin/../lib/gcc/avr/5.4.0/../../../../avr/lib/avr5/memx-const\libm.a(fp_round.o)
                              c:/program files/microchip/xc8/v2.36/avr/bin/../lib/gcc/avr/5.4.0/../../../../avr/lib/avr5/memx-const\libm.a(addsf3.o) (__fp_round)
c:/program files/microchip/xc8/v2.36/avr/bin/../lib/gcc/avr/5.4.0/../../../../avr/lib/avr5/memx-const\libm.a(fp_split3.o)
                              c:/program files/microchip/xc8/v2.36/avr/bin/../lib/gcc/avr/5.4.0/../../../../avr/lib/avr5/memx-const\libm.a(addsf3x.o) (__fp_split3)
c:/program files/microchip/xc8/v2.36/avr/bin/../lib/gcc/avr/5.4.0/../../../../avr/lib/avr5/memx-const\libm.a(fp_zero.o)
                              c:/program files/microchip/xc8/v2.36/avr/bin/../lib/gcc/avr/5.4.0/../../../../avr/lib/avr5/memx-const\libm.a(addsf3x.o) (__fp_zero)
c:/program files/microchip/xc8/v2.36/avr/bin/../lib/gcc/avr/5.4.0/../../../../avr/lib/avr5/memx-const\libm.a(mulsf3.o)
                              HAL/OLED/OLED_SSD1306.o (__mulsf3)
c:/program files/microchip/xc8/v2.36/avr/bin/../lib/gcc/avr/5.4.0/../../../../avr/lib/avr5/memx-const\libm.a(mulsf3x.o)
                              c:/program files/microchip/xc8/v2.36/avr/bin/../lib/gcc/avr/5.4.0/../../../../avr/lib/avr5/memx-const\libm.a(mulsf3.o) (__mulsf3x)
c:/program files/microchip/xc8/v2.36/avr/bin/../lib/gcc/avr/5.4.0/avr5/memx-const\libgcc.a(_udivmodhi4.o)
                              HAL/LM35/LM35.o (__udivmodhi4)
c:/program files/microchip/xc8/v2.36/avr/bin/../lib/gcc/avr/5.4.0/avr5/memx-const\libgcc.a(_udivmodsi4.o)
                              HAL/OLED/OLED_SSD1306.o (__udivmodsi4)
c:/program files/microchip/xc8/v2.36/avr/bin/../lib/gcc/avr/5.4.0/avr5/memx-const\libgcc.a(_tablejump2.o)
                              HAL/OLED/OLED_SSD1306.o (__tablejump2__)
c:/program files/microchip/xc8/v2.36/avr/bin/../lib/gcc/avr/5.4.0/avr5/memx-const\libgcc.a(_copy_data.o)
                              HAL/ULTRASONIC2/ULTRASONIC2.o (__do_copy_data)
[...]
Memory Configuration

Name             Origin             Length             Attributes
text             0x0000000000000000 0x0000000000008000 xr
data             0x0000000000800060 0x0000000000000800 rw !x
eeprom           0x0000000000810000 0x0000000000000400 rw !x
fuse             0x0000000000820000 0x0000000000000002 rw !x
lock             0x0000000000830000 0x0000000000000400 rw !x
signature        0x0000000000840000 0x0000000000000400 rw !x
user_signatures  0x0000000000850000 0x0000000000000400 rw !x
*default*        0x0000000000000000 0xffffffffffffffff

Linker script and memory map

LOAD C:/Program Files (x86)/Atmel/Studio/7.0/Packs/atmel/ATmega_DFP/1.7.374/xc8/avr/lib/avr5/memx-const/crtatmega32.o
LOAD APP/APP.o
LOAD HAL/DC_MOTOR/L298N.o
LOAD HAL/FINGER_PRINT/FINGERPRINT.o
LOAD HAL/LCD/LCD.o
LOAD HAL/LM35/LM35.o
LOAD HAL/OLED/OLED_SSD1306.o
LOAD HAL/RFID/RFID.o
LOAD HAL/SERVO_MOTOR/SERVO_MOTOR.o
LOAD HAL/ULTRASONIC2/ULTRASONIC2.o
LOAD HAL/ULTRASONIC/ULTRASONIC.o
LOAD main.o
LOAD MCAL/ADC/ADC.o
LOAD MCAL/DIO/DIO.o
LOAD MCAL/EEPROM/EEPROM.o
LOAD MCAL/EXTERNAL_INT_driver/External_INT.o
LOAD MCAL/I2C/I2C.o
LOAD MCAL/ICU/icu.o
LOAD MCAL/PWM_TIMER1/PWM_TIMER_1.o
LOAD MCAL/SPI/SPI.o
LOAD MCAL/TIMER_0/Timer0.o
LOAD MCAL/TIMER_2_driver/TIMER_2.o
LOAD MCAL/UART/UART.o
LOAD MCAL/WATCHDOG/WATCHDOG.o
START GROUP
LOAD c:/program files/microchip/xc8/v2.36/avr/bin/../lib/gcc/avr/5.4.0/../../../../avr/lib/avr5/memx-const\libm.a
END GROUP
START GROUP
LOAD c:/program files/microchip/xc8/v2.36/avr/bin/../lib/gcc/avr/5.4.0/avr5/memx-const\libgcc.a
LOAD c:/program files/microchip/xc8/v2.36/avr/bin/../lib/gcc/avr/5.4.0/../../../../avr/lib/avr5/memx-const\libm.a
LOAD c:/program files/microchip/xc8/v2.36/avr/bin/../lib/gcc/avr/5.4.0/../../../../avr/lib/avr5/memx-const\libc.a
LOAD C:/Program Files (x86)/Atmel/Studio/7.0/Packs/atmel/ATmega_DFP/1.7.374/xc8/avr/lib/avr5/memx-const\libatmega32.a
END GROUP
                0x0000000000000000                __TEXT_REGION_ORIGIN__ = DEFINED (__TEXT_REGION_ORIGIN__)?__TEXT_REGION_ORIGIN__:0x0
                [0x0000000000800060]                __DATA_REGION_ORIGIN__ = DEFINED (__DATA_REGION_ORIGIN__)?__DATA_REGION_ORIGIN__:0x800060
                [0x0000000000008000]                __TEXT_REGION_LENGTH__ = DEFINED (__TEXT_REGION_LENGTH__)?__TEXT_REGION_LENGTH__:0x20000
                [0x0000000000000800]                __DATA_REGION_LENGTH__ = DEFINED (__DATA_REGION_LENGTH__)?__DATA_REGION_LENGTH__:0xffa0
                [0x0000000000000400]                __EEPROM_REGION_LENGTH__ = DEFINED (__EEPROM_REGION_LENGTH__)?__EEPROM_REGION_LENGTH__:0x10000
                [0x0000000000000002]                __FUSE_REGION_LENGTH__ = DEFINED (__FUSE_REGION_LENGTH__)?__FUSE_REGION_LENGTH__:0x400
                0x0000000000000400                __LOCK_REGION_LENGTH__ = DEFINED (__LOCK_REGION_LENGTH__)?__LOCK_REGION_LENGTH__:0x400
                0x0000000000000400                __SIGNATURE_REGION_LENGTH__ = DEFINED (__SIGNATURE_REGION_LENGTH__)?__SIGNATURE_REGION_LENGTH__:0x400
                0x0000000000000400                __USER_SIGNATURE_REGION_LENGTH__ = DEFINED (__USER_SIGNATURE_REGION_LENGTH__)?__USER_SIGNATURE_REGION_LENGTH__:0x400

.hash
 *(.hash)

.dynsym
 *(.dynsym)

.dynstr
 *(.dynstr)

.gnu.version
 *(.gnu.version)

.gnu.version_d
 *(.gnu.version_d)

.gnu.version_r
 *(.gnu.version_r)

.rel.init
 *(.rel.init)

.rela.init
 *(.rela.init)

.rel.text
 *(.rel.text)
 *(.rel.text.*)
 *(.rel.gnu.linkonce.t*)

.rela.text
 *(.rela.text)
 *(.rela.text.*)
 *(.rela.gnu.linkonce.t*)

.rel.fini
 *(.rel.fini)

.rela.fini
 *(.rela.fini)

.rel.rodata
 *(.rel.rodata)
 *(.rel.rodata.*)
 *(.rel.gnu.linkonce.r*)

.rela.rodata
 *(.rela.rodata)
 *(.rela.rodata.*)
 *(.rela.gnu.linkonce.r*)

.rel.data
 *(.rel.data)
 *(.rel.data.*)
 *(.rel.gnu.linkonce.d*)

.rela.data
 *(.rela.data)
 *(.rela.data.*)
 *(.rela.gnu.linkonce.d*)

.rel.ctors
 *(.rel.ctors)

.rela.ctors
 *(.rela.ctors)

.rel.dtors
 *(.rel.dtors)

.rela.dtors
 *(.rela.dtors)

.rel.got
 *(.rel.got)

.rela.got
 *(.rela.got)

.rel.bss
 *(.rel.bss)

.rela.bss
 *(.rela.bss)

.rel.plt
 *(.rel.plt)

.rela.plt
 *(.rela.plt)

.text           0x0000000000000000      0x16e
 *(.vectors)
 .vectors       0x0000000000000000       0x54 C:/Program Files (x86)/Atmel/Studio/7.0/Packs/atmel/ATmega_DFP/1.7.374/xc8/avr/lib/avr5/memx-const/crtatmega32.o
                0x0000000000000000                __vector_default
                0x0000000000000000                __vectors
 *(.vectors)
 *(.progmem.gcc*)
 .progmem.gcc_sw_table.OLED_Printf
                0x0000000000000054       0xa8 HAL/OLED/OLED_SSD1306.o
 *(.dinit)
 .dinit         0x00000000000000fc       0x1d data_init
                0x000000000000011a                . = ALIGN (0x2)
 *fill*         0x0000000000000119        0x1 
                0x000000000000011a                __trampolines_start = .
 *(.trampolines)
 .trampolines   0x000000000000011a        0x0 linker stubs
 *(.trampolines*)
                0x000000000000011a                __trampolines_end = .
 *libprintf_flt.a:*(.progmem.data)
 *libc.a:*(.progmem.data)
                0x000000000000011a                . = ALIGN (0x2)
 *(.jumptables)
 *(.jumptables*)
 *(.lowtext)
 *(.lowtext*)
                0x000000000000011a                __ctors_start = .
 *(.ctors)
                0x000000000000011a                __ctors_end = .
                0x000000000000011a                __dtors_start = .
 *(.dtors)
                0x000000000000011a                __dtors_end = .
 SORT(*)(.ctors)
 SORT(*)(.dtors)
 *(.init0)
 .init0         0x000000000000011a        0x0 C:/Program Files (x86)/Atmel/Studio/7.0/Packs/atmel/ATmega_DFP/1.7.374/xc8/avr/lib/avr5/memx-const/crtatmega32.o
                0x000000000000011a                __init
 *(.init0)
 *(.init1)
 *(.init1)
 *(.init2)
 .init2         0x000000000000011a        0xc C:/Program Files (x86)/Atmel/Studio/7.0/Packs/atmel/ATmega_DFP/1.7.374/xc8/avr/lib/avr5/memx-const/crtatmega32.o
 *(.init2)
 *(.init3)
 *(.init3)
 *(.init4)
 .init4         0x0000000000000126       0x3c c:/program files/microchip/xc8/v2.36/avr/bin/../lib/gcc/avr/5.4.0/avr5/memx-const\libgcc.a(_copy_data.o)
                0x0000000000000126                __do_copy_data
                0x0000000000000154                __do_clear_bss
 *(.init4)
 *(.init5)
 *(.init5)
 *(.init6)
 *(.init6)
 *(.init7)
 *(.init7)
 *(.init8)
 *(.init8)
 *(.init9)
 .init9         0x0000000000000162        0x8 C:/Program Files (x86)/Atmel/Studio/7.0/Packs/atmel/ATmega_DFP/1.7.374/xc8/avr/lib/avr5/memx-const/crtatmega32.o
 *(.init9)
                0x000000000000016a                . = ALIGN (0x2)
 *(.fini9)
 .fini9         0x000000000000016a        0x0 c:/program files/microchip/xc8/v2.36/avr/bin/../lib/gcc/avr/5.4.0/avr5/memx-const\libgcc.a(_exit.o)
                0x000000000000016a                _exit
 *(.fini9)
 *(.fini8)
 *(.fini8)
 *(.fini7)
 *(.fini7)
 *(.fini6)
 *(.fini6)
 *(.fini5)
 *(.fini5)
 *(.fini4)
 *(.fini4)
 *(.fini3)
 *(.fini3)
 *(.fini2)
 *(.fini2)
 *(.fini1)
 *(.fini1)
 *(.fini0)
 .fini0         0x000000000000016a        0x4 c:/program files/microchip/xc8/v2.36/avr/bin/../lib/gcc/avr/5.4.0/avr5/memx-const\libgcc.a(_exit.o)
 *(.fini0)
                0x000000000000016e                _etext = .

.data           0x0000000000800060        0x0 load address 0x000000000000016e
                [!provide]                        PROVIDE (__data_start, .)
 *(.gnu.linkonce.d*)
 *(.gnu.linkonce.r*)
                0x0000000000800060                . = ALIGN (0x2)
                0x0000000000800060                _edata = .
                [!provide]                        PROVIDE (__data_end, .)

.bss            0x0000000000800060        0x8
                [!provide]                        PROVIDE (__bss_start, .)
 *(COMMON)
 COMMON         0x0000000000800060        0x4 APP/APP.o
                0x0000000000800060                ID
 COMMON         0x0000000000800064        0x2 HAL/OLED/OLED_SSD1306.o
                0x0000000000800064                OledLineNum
                0x0000000000800065                OledCursorPos
 COMMON         0x0000000000800066        0x2 c:/program files/microchip/xc8/v2.36/avr/bin/../lib/gcc/avr/5.4.0/../../../../avr/lib/avr5/memx-const\libc.a(errno.o)
                0x0000000000800066                __errno_val
                [!provide]                        PROVIDE (__bss_end, .)
                0x000000000000016e                __data_load_start = LOADADDR (.data)
                0x000000000000016e                __data_load_end = (__data_load_start + SIZEOF (.data))

.noinit         0x0000000000800068        0x0
                [!provide]                        PROVIDE (__noinit_start, .)
 *(.noinit*)
                [!provide]                        PROVIDE (__noinit_end, .)
                0x0000000000800068                _end = .

.eeprom         0x0000000000810000        0x0
 *(.eeprom*)
                0x0000000000810000                __eeprom_end = .

.fuse
 *(.fuse)
 *(.lfuse)
 *(.hfuse)
 *(.efuse)

.lock
 *(.lock*)

.signature
 *(.signature*)

.user_signatures
 *(.user_signatures*)

.stab
 *(.stab)

.stabstr
 *(.stabstr)

.stab.excl
 *(.stab.excl)

.stab.exclstr
 *(.stab.exclstr)

.stab.index
 *(.stab.index)

.stab.indexstr
 *(.stab.indexstr)

.comment        0x0000000000000000       0x2f
 *(.comment)
 .comment       0x0000000000000000       0x2f APP/APP.o
                                         0x30 (size before relaxing)
 .comment       0x000000000000002f       0x30 HAL/LCD/LCD.o
 .comment       0x000000000000002f       0x30 HAL/LM35/LM35.o
 .comment       0x000000000000002f       0x30 HAL/OLED/OLED_SSD1306.o
 .comment       0x000000000000002f       0x30 HAL/RFID/RFID.o
 .comment       0x000000000000002f       0x30 HAL/ULTRASONIC2/ULTRASONIC2.o
 .comment       0x000000000000002f       0x30 HAL/ULTRASONIC/ULTRASONIC.o
 .comment       0x000000000000002f       0x30 main.o
 .comment       0x000000000000002f       0x30 MCAL/ADC/ADC.o
 .comment       0x000000000000002f       0x30 MCAL/DIO/DIO.o
 .comment       0x000000000000002f       0x30 MCAL/EEPROM/EEPROM.o
 .comment       0x000000000000002f       0x30 MCAL/EXTERNAL_INT_driver/External_INT.o
 .comment       0x000000000000002f       0x30 MCAL/I2C/I2C.o
 .comment       0x000000000000002f       0x30 MCAL/ICU/icu.o
 .comment       0x000000000000002f       0x30 MCAL/PWM_TIMER1/PWM_TIMER_1.o
 .comment       0x000000000000002f       0x30 MCAL/SPI/SPI.o
 .comment       0x000000000000002f       0x30 MCAL/TIMER_0/Timer0.o
 .comment       0x000000000000002f       0x30 MCAL/TIMER_2_driver/TIMER_2.o
 .comment       0x000000000000002f       0x30 MCAL/WATCHDOG/WATCHDOG.o
 .comment       0x000000000000002f       0x30 c:/program files/microchip/xc8/v2.36/avr/bin/../lib/gcc/avr/5.4.0/../../../../avr/lib/avr5/memx-const\libc.a(exit.o)
 .comment       0x000000000000002f       0x30 c:/program files/microchip/xc8/v2.36/avr/bin/../lib/gcc/avr/5.4.0/../../../../avr/lib/avr5/memx-const\libc.a(__sio_sprintf_doux.o)
 .comment       0x000000000000002f       0x30 c:/program files/microchip/xc8/v2.36/avr/bin/../lib/gcc/avr/5.4.0/../../../../avr/lib/avr5/memx-const\libc.a(__fmt_s.o)
 .comment       0x000000000000002f       0x30 c:/program files/microchip/xc8/v2.36/avr/bin/../lib/gcc/avr/5.4.0/../../../../avr/lib/avr5/memx-const\libc.a(__printf_core.o)
 .comment       0x000000000000002f       0x30 c:/program files/microchip/xc8/v2.36/avr/bin/../lib/gcc/avr/5.4.0/../../../../avr/lib/avr5/memx-const\libc.a(fputc.o)
 .comment       0x000000000000002f       0x30 c:/program files/microchip/xc8/v2.36/avr/bin/../lib/gcc/avr/5.4.0/../../../../avr/lib/avr5/memx-const\libc.a(__fmt_d.o)
 .comment       0x000000000000002f       0x30 c:/program files/microchip/xc8/v2.36/avr/bin/../lib/gcc/avr/5.4.0/../../../../avr/lib/avr5/memx-const\libc.a(__fmt_o.o)
 .comment       0x000000000000002f       0x30 c:/program files/microchip/xc8/v2.36/avr/bin/../lib/gcc/avr/5.4.0/../../../../avr/lib/avr5/memx-const\libc.a(__fmt_u.o)
 .comment       0x000000000000002f       0x30 c:/program files/microchip/xc8/v2.36/avr/bin/../lib/gcc/avr/5.4.0/../../../../avr/lib/avr5/memx-const\libc.a(__fmt_x.o)
 .comment       0x000000000000002f       0x30 c:/program files/microchip/xc8/v2.36/avr/bin/../lib/gcc/avr/5.4.0/../../../../avr/lib/avr5/memx-const\libc.a(__pop_float.o)
 .comment       0x000000000000002f       0x30 c:/program files/microchip/xc8/v2.36/avr/bin/../lib/gcc/avr/5.4.0/../../../../avr/lib/avr5/memx-const\libc.a(__pop_int.o)
 .comment       0x000000000000002f       0x30 c:/program files/microchip/xc8/v2.36/avr/bin/../lib/gcc/avr/5.4.0/../../../../avr/lib/avr5/memx-const\libc.a(__pop_ptr.o)
 .comment       0x000000000000002f       0x30 c:/program files/microchip/xc8/v2.36/avr/bin/../lib/gcc/avr/5.4.0/../../../../avr/lib/avr5/memx-const\libc.a(atoi.o)
 .comment       0x000000000000002f       0x30 c:/program files/microchip/xc8/v2.36/avr/bin/../lib/gcc/avr/5.4.0/../../../../avr/lib/avr5/memx-const\libc.a(memset.o)
 .comment       0x000000000000002f       0x30 c:/program files/microchip/xc8/v2.36/avr/bin/../lib/gcc/avr/5.4.0/../../../../avr/lib/avr5/memx-const\libc.a(strlen.o)
 .comment       0x000000000000002f       0x30 c:/program files/microchip/xc8/v2.36/avr/bin/../lib/gcc/avr/5.4.0/../../../../avr/lib/avr5/memx-const\libc.a(tolower.o)
 .comment       0x000000000000002f       0x30 c:/program files/microchip/xc8/v2.36/avr/bin/../lib/gcc/avr/5.4.0/../../../../avr/lib/avr5/memx-const\libc.a(toupper.o)
 .comment       0x000000000000002f       0x30 c:/program files/microchip/xc8/v2.36/avr/bin/../lib/gcc/avr/5.4.0/../../../../avr/lib/avr5/memx-const\libc.a(errno.o)
 .comment       0x000000000000002f       0x30 c:/program files/microchip/xc8/v2.36/avr/bin/../lib/gcc/avr/5.4.0/../../../../avr/lib/avr5/memx-const\libc.a(_Exit.o)
 .comment       0x000000000000002f       0x30 c:/program files/microchip/xc8/v2.36/avr/bin/../lib/gcc/avr/5.4.0/../../../../avr/lib/avr5/memx-const\libc.a(__int_vsprintf.o)
 .comment       0x000000000000002f       0x30 c:/program files/microchip/xc8/v2.36/avr/bin/../lib/gcc/avr/5.4.0/../../../../avr/lib/avr5/memx-const\libc.a(__int_vsnprintf.o)
 .comment       0x000000000000002f       0x30 c:/program files/microchip/xc8/v2.36/avr/bin/../lib/gcc/avr/5.4.0/../../../../avr/lib/avr5/memx-const\libc.a(__int_vfprintf.o)

.stack.descriptors.hdr
                0x0000000000000000      0x17a
 .stack.descriptors.hdr
                0x0000000000000000        0xe c:/program files/microchip/xc8/v2.36/avr/bin/../lib/gcc/avr/5.4.0/../../../../avr/lib/avr5/memx-const\libm.a(addsf3.o)
 .stack.descriptors.hdr
                0x000000000000000e        0xe c:/program files/microchip/xc8/v2.36/avr/bin/../lib/gcc/avr/5.4.0/../../../../avr/lib/avr5/memx-const\libm.a(addsf3x.o)
 .stack.descriptors.hdr
                0x000000000000001c        0xe c:/program files/microchip/xc8/v2.36/avr/bin/../lib/gcc/avr/5.4.0/../../../../avr/lib/avr5/memx-const\libm.a(cmpsf2.o)
 .stack.descriptors.hdr
                0x000000000000002a        0xe c:/program files/microchip/xc8/v2.36/avr/bin/../lib/gcc/avr/5.4.0/../../../../avr/lib/avr5/memx-const\libm.a(divsf3.o)
 .stack.descriptors.hdr
                0x0000000000000038        0xe c:/program files/microchip/xc8/v2.36/avr/bin/../lib/gcc/avr/5.4.0/../../../../avr/lib/avr5/memx-const\libm.a(divsf3x.o)
 .stack.descriptors.hdr
                0x0000000000000046        0xe c:/program files/microchip/xc8/v2.36/avr/bin/../lib/gcc/avr/5.4.0/../../../../avr/lib/avr5/memx-const\libm.a(fixunssfsi.o)
 .stack.descriptors.hdr
                0x0000000000000054        0xe c:/program files/microchip/xc8/v2.36/avr/bin/../lib/gcc/avr/5.4.0/../../../../avr/lib/avr5/memx-const\libm.a(floatsisf.o)
 .stack.descriptors.hdr
                0x0000000000000062        0xe c:/program files/microchip/xc8/v2.36/avr/bin/../lib/gcc/avr/5.4.0/../../../../avr/lib/avr5/memx-const\libm.a(fp_cmp.o)
 .stack.descriptors.hdr
                0x0000000000000070        0xe c:/program files/microchip/xc8/v2.36/avr/bin/../lib/gcc/avr/5.4.0/../../../../avr/lib/avr5/memx-const\libm.a(fp_inf.o)
 .stack.descriptors.hdr
                0x000000000000007e        0xe c:/program files/microchip/xc8/v2.36/avr/bin/../lib/gcc/avr/5.4.0/../../../../avr/lib/avr5/memx-const\libm.a(fp_nan.o)
 .stack.descriptors.hdr
                0x000000000000008c        0xe c:/program files/microchip/xc8/v2.36/avr/bin/../lib/gcc/avr/5.4.0/../../../../avr/lib/avr5/memx-const\libm.a(fp_pscA.o)
 .stack.descriptors.hdr
                0x000000000000009a        0xe c:/program files/microchip/xc8/v2.36/avr/bin/../lib/gcc/avr/5.4.0/../../../../avr/lib/avr5/memx-const\libm.a(fp_pscB.o)
 .stack.descriptors.hdr
                0x00000000000000a8        0xe c:/program files/microchip/xc8/v2.36/avr/bin/../lib/gcc/avr/5.4.0/../../../../avr/lib/avr5/memx-const\libm.a(fp_round.o)
 .stack.descriptors.hdr
                0x00000000000000b6        0xe c:/program files/microchip/xc8/v2.36/avr/bin/../lib/gcc/avr/5.4.0/../../../../avr/lib/avr5/memx-const\libm.a(fp_split3.o)
 .stack.descriptors.hdr
                0x00000000000000c4        0xe c:/program files/microchip/xc8/v2.36/avr/bin/../lib/gcc/avr/5.4.0/../../../../avr/lib/avr5/memx-const\libm.a(fp_zero.o)
 .stack.descriptors.hdr
                0x00000000000000d2        0xe c:/program files/microchip/xc8/v2.36/avr/bin/../lib/gcc/avr/5.4.0/../../../../avr/lib/avr5/memx-const\libm.a(mulsf3.o)
 .stack.descriptors.hdr
                0x00000000000000e0        0xe c:/program files/microchip/xc8/v2.36/avr/bin/../lib/gcc/avr/5.4.0/../../../../avr/lib/avr5/memx-const\libm.a(mulsf3x.o)
 .stack.descriptors.hdr
                0x00000000000000ee        0xe c:/program files/microchip/xc8/v2.36/avr/bin/../lib/gcc/avr/5.4.0/avr5/memx-const\libgcc.a(_udivmodhi4.o)
 .stack.descriptors.hdr
                0x00000000000000fc        0xe c:/program files/microchip/xc8/v2.36/avr/bin/../lib/gcc/avr/5.4.0/avr5/memx-const\libgcc.a(_udivmodsi4.o)
 .stack.descriptors.hdr
                0x000000000000010a        0xe c:/program files/microchip/xc8/v2.36/avr/bin/../lib/gcc/avr/5.4.0/avr5/memx-const\libgcc.a(_tablejump2.o)
 .stack.descriptors.hdr
                0x0000000000000118        0xe c:/program files/microchip/xc8/v2.36/avr/bin/../lib/gcc/avr/5.4.0/avr5/memx-const\libgcc.a(_movmemx.o)
 .stack.descriptors.hdr
                0x0000000000000126        0xe c:/program files/microchip/xc8/v2.36/avr/bin/../lib/gcc/avr/5.4.0/avr5/memx-const\libgcc.a(_exit.o)
 .stack.descriptors.hdr
                0x0000000000000134        0xe c:/program files/microchip/xc8/v2.36/avr/bin/../lib/gcc/avr/5.4.0/avr5/memx-const\libgcc.a(_udivdi3.o)
 .stack.descriptors.hdr
                0x0000000000000142        0xe c:/program files/microchip/xc8/v2.36/avr/bin/../lib/gcc/avr/5.4.0/avr5/memx-const\libgcc.a(_udivmod64.o)
 .stack.descriptors.hdr
                0x0000000000000150        0xe c:/program files/microchip/xc8/v2.36/avr/bin/../lib/gcc/avr/5.4.0/avr5/memx-const\libgcc.a(_negdi2.o)
 .stack.descriptors.hdr
                0x000000000000015e        0xe c:/program files/microchip/xc8/v2.36/avr/bin/../lib/gcc/avr/5.4.0/avr5/memx-const\libgcc.a(_ashrdi3.o)
 .stack.descriptors.hdr
                0x000000000000016c        0xe c:/program files/microchip/xc8/v2.36/avr/bin/../lib/gcc/avr/5.4.0/avr5/memx-const\libgcc.a(_cmpdi2_s8.o)

.note.GNU-stack
                0x0000000000000000        0x0
 .note.GNU-stack
                0x0000000000000000        0x0 c:/program files/microchip/xc8/v2.36/avr/bin/../lib/gcc/avr/5.4.0/../../../../avr/lib/avr5/memx-const\libm.a(addsf3.o)
 .note.GNU-stack
                0x0000000000000000        0x0 c:/program files/microchip/xc8/v2.36/avr/bin/../lib/gcc/avr/5.4.0/../../../../avr/lib/avr5/memx-const\libm.a(addsf3x.o)
 .note.GNU-stack
                0x0000000000000000        0x0 c:/program files/microchip/xc8/v2.36/avr/bin/../lib/gcc/avr/5.4.0/../../../../avr/lib/avr5/memx-const\libm.a(cmpsf2.o)
 .note.GNU-stack
                0x0000000000000000        0x0 c:/program files/microchip/xc8/v2.36/avr/bin/../lib/gcc/avr/5.4.0/../../../../avr/lib/avr5/memx-const\libm.a(divsf3.o)
 .note.GNU-stack
                0x0000000000000000        0x0 c:/program files/microchip/xc8/v2.36/avr/bin/../lib/gcc/avr/5.4.0/../../../../avr/lib/avr5/memx-const\libm.a(divsf3x.o)
 .note.GNU-stack
                0x0000000000000000        0x0 c:/program files/microchip/xc8/v2.36/avr/bin/../lib/gcc/avr/5.4.0/../../../../avr/lib/avr5/memx-const\libm.a(fixunssfsi.o)
 .note.GNU-stack
                0x0000000000000000        0x0 c:/program files/microchip/xc8/v2.36/avr/bin/../lib/gcc/avr/5.4.0/../../../../avr/lib/avr5/memx-const\libm.a(floatsisf.o)
 .note.GNU-stack
                0x0000000000000000        0x0 c:/program files/microchip/xc8/v2.36/avr/bin/../lib/gcc/avr/5.4.0/../../../../avr/lib/avr5/memx-const\libm.a(fp_cmp.o)
 .note.GNU-stack
                0x0000000000000000        0x0 c:/program files/microchip/xc8/v2.36/avr/bin/../lib/gcc/avr/5.4.0/../../../../avr/lib/avr5/memx-const\libm.a(fp_inf.o)
 .note.GNU-stack
                0x0000000000000000        0x0 c:/program files/microchip/xc8/v2.36/avr/bin/../lib/gcc/avr/5.4.0/../../../../avr/lib/avr5/memx-const\libm.a(fp_nan.o)
 .note.GNU-stack
                0x0000000000000000        0x0 c:/program files/microchip/xc8/v2.36/avr/bin/../lib/gcc/avr/5.4.0/../../../../avr/lib/avr5/memx-const\libm.a(fp_pscA.o)
 .note.GNU-stack
                0x0000000000000000        0x0 c:/program files/microchip/xc8/v2.36/avr/bin/../lib/gcc/avr/5.4.0/../../../../avr/lib/avr5/memx-const\libm.a(fp_pscB.o)
 .note.GNU-stack
                0x0000000000000000        0x0 c:/program files/microchip/xc8/v2.36/avr/bin/../lib/gcc/avr/5.4.0/../../../../avr/lib/avr5/memx-const\libm.a(fp_round.o)
 .note.GNU-stack
                0x0000000000000000        0x0 c:/program files/microchip/xc8/v2.36/avr/bin/../lib/gcc/avr/5.4.0/../../../../avr/lib/avr5/memx-const\libm.a(fp_split3.o)
 .note.GNU-stack
                0x0000000000000000        0x0 c:/program files/microchip/xc8/v2.36/avr/bin/../lib/gcc/avr/5.4.0/../../../../avr/lib/avr5/memx-const\libm.a(fp_zero.o)
 .note.GNU-stack
                0x0000000000000000        0x0 c:/program files/microchip/xc8/v2.36/avr/bin/../lib/gcc/avr/5.4.0/../../../../avr/lib/avr5/memx-const\libm.a(mulsf3.o)
 .note.GNU-stack
                0x0000000000000000        0x0 c:/program files/microchip/xc8/v2.36/avr/bin/../lib/gcc/avr/5.4.0/../../../../avr/lib/avr5/memx-const\libm.a(mulsf3x.o)
 .note.GNU-stack
                0x0000000000000000        0x0 c:/program files/microchip/xc8/v2.36/avr/bin/../lib/gcc/avr/5.4.0/../../../../avr/lib/avr5/memx-const\libc.a(exit.o)
 .note.GNU-stack
                0x0000000000000000        0x0 c:/program files/microchip/xc8/v2.36/avr/bin/../lib/gcc/avr/5.4.0/../../../../avr/lib/avr5/memx-const\libc.a(__sio_sprintf_doux.o)
 .note.GNU-stack
                0x0000000000000000        0x0 c:/program files/microchip/xc8/v2.36/avr/bin/../lib/gcc/avr/5.4.0/../../../../avr/lib/avr5/memx-const\libc.a(__fmt_s.o)
 .note.GNU-stack
                0x0000000000000000        0x0 c:/program files/microchip/xc8/v2.36/avr/bin/../lib/gcc/avr/5.4.0/../../../../avr/lib/avr5/memx-const\libc.a(__printf_core.o)
 .note.GNU-stack
                0x0000000000000000        0x0 c:/program files/microchip/xc8/v2.36/avr/bin/../lib/gcc/avr/5.4.0/../../../../avr/lib/avr5/memx-const\libc.a(fputc.o)
 .note.GNU-stack
                0x0000000000000000        0x0 c:/program files/microchip/xc8/v2.36/avr/bin/../lib/gcc/avr/5.4.0/../../../../avr/lib/avr5/memx-const\libc.a(__fmt_d.o)
 .note.GNU-stack
                0x0000000000000000        0x0 c:/program files/microchip/xc8/v2.36/avr/bin/../lib/gcc/avr/5.4.0/../../../../avr/lib/avr5/memx-const\libc.a(__fmt_o.o)
 .note.GNU-stack
                0x0000000000000000        0x0 c:/program files/microchip/xc8/v2.36/avr/bin/../lib/gcc/avr/5.4.0/../../../../avr/lib/avr5/memx-const\libc.a(__fmt_u.o)
 .note.GNU-stack
                0x0000000000000000        0x0 c:/program files/microchip/xc8/v2.36/avr/bin/../lib/gcc/avr/5.4.0/../../../../avr/lib/avr5/memx-const\libc.a(__fmt_x.o)
 .note.GNU-stack
                0x0000000000000000        0x0 c:/program files/microchip/xc8/v2.36/avr/bin/../lib/gcc/avr/5.4.0/../../../../avr/lib/avr5/memx-const\libc.a(__pop_float.o)
 .note.GNU-stack
                0x0000000000000000        0x0 c:/program files/microchip/xc8/v2.36/avr/bin/../lib/gcc/avr/5.4.0/../../../../avr/lib/avr5/memx-const\libc.a(__pop_int.o)
 .note.GNU-stack
                0x0000000000000000        0x0 c:/program files/microchip/xc8/v2.36/avr/bin/../lib/gcc/avr/5.4.0/../../../../avr/lib/avr5/memx-const\libc.a(__pop_ptr.o)
 .note.GNU-stack
                0x0000000000000000        0x0 c:/program files/microchip/xc8/v2.36/avr/bin/../lib/gcc/avr/5.4.0/../../../../avr/lib/avr5/memx-const\libc.a(atoi.o)
 .note.GNU-stack
                0x0000000000000000        0x0 c:/program files/microchip/xc8/v2.36/avr/bin/../lib/gcc/avr/5.4.0/../../../../avr/lib/avr5/memx-const\libc.a(memset.o)
 .note.GNU-stack
                0x0000000000000000        0x0 c:/program files/microchip/xc8/v2.36/avr/bin/../lib/gcc/avr/5.4.0/../../../../avr/lib/avr5/memx-const\libc.a(strlen.o)
 .note.GNU-stack
                0x0000000000000000        0x0 c:/program files/microchip/xc8/v2.36/avr/bin/../lib/gcc/avr/5.4.0/../../../../avr/lib/avr5/memx-const\libc.a(tolower.o)
 .note.GNU-stack
                0x0000000000000000        0x0 c:/program files/microchip/xc8/v2.36/avr/bin/../lib/gcc/avr/5.4.0/../../../../avr/lib/avr5/memx-const\libc.a(toupper.o)
 .note.GNU-stack
                0x0000000000000000        0x0 c:/program files/microchip/xc8/v2.36/avr/bin/../lib/gcc/avr/5.4.0/../../../../avr/lib/avr5/memx-const\libc.a(errno.o)
 .note.GNU-stack
                0x0000000000000000        0x0 c:/program files/microchip/xc8/v2.36/avr/bin/../lib/gcc/avr/5.4.0/../../../../avr/lib/avr5/memx-const\libc.a(_Exit.o)
 .note.GNU-stack
                0x0000000000000000        0x0 c:/program files/microchip/xc8/v2.36/avr/bin/../lib/gcc/avr/5.4.0/../../../../avr/lib/avr5/memx-const\libc.a(__int_vsprintf.o)
 .note.GNU-stack
                0x0000000000000000        0x0 c:/program files/microchip/xc8/v2.36/avr/bin/../lib/gcc/avr/5.4.0/../../../../avr/lib/avr5/memx-const\libc.a(__int_vsnprintf.o)
 .note.GNU-stack
                0x0000000000000000        0x0 c:/program files/microchip/xc8/v2.36/avr/bin/../lib/gcc/avr/5.4.0/../../../../avr/lib/avr5/memx-const\libc.a(__int_vfprintf.o)

.note.gnu.build-id
 *(.note.gnu.build-id)

.debug
 *(.debug)

.line
 *(.line)

.debug_srcinfo
 *(.debug_srcinfo)

.debug_sfnames
 *(.debug_sfnames)

.debug_aranges  0x0000000000000000      0x598
 *(.debug_aranges)
 .debug_aranges
                0x0000000000000000       0x88 APP/APP.o
 .debug_aranges
                0x0000000000000088       0x90 HAL/LCD/LCD.o
 .debug_aranges
                0x0000000000000118       0x28 HAL/LM35/LM35.o
 .debug_aranges
                0x0000000000000140       0x88 HAL/OLED/OLED_SSD1306.o
 .debug_aranges
                0x00000000000001c8       0x80 HAL/RFID/RFID.o
 .debug_aranges
                0x0000000000000248       0x38 HAL/ULTRASONIC2/ULTRASONIC2.o
 .debug_aranges
                0x0000000000000280       0x38 HAL/ULTRASONIC/ULTRASONIC.o
 .debug_aranges
                0x00000000000002b8       0x20 main.o
 .debug_aranges
                0x00000000000002d8       0x28 MCAL/ADC/ADC.o
 .debug_aranges
                0x0000000000000300       0x58 MCAL/DIO/DIO.o
 .debug_aranges
                0x0000000000000358       0x30 MCAL/EEPROM/EEPROM.o
 .debug_aranges
                0x0000000000000388       0x48 MCAL/EXTERNAL_INT_driver/External_INT.o
 .debug_aranges
                0x00000000000003d0       0x50 MCAL/I2C/I2C.o
 .debug_aranges
                0x0000000000000420       0x50 MCAL/ICU/icu.o
 .debug_aranges
                0x0000000000000470       0x30 MCAL/PWM_TIMER1/PWM_TIMER_1.o
 .debug_aranges
                0x00000000000004a0       0x28 MCAL/SPI/SPI.o
 .debug_aranges
                0x00000000000004c8       0x50 MCAL/TIMER_0/Timer0.o
 .debug_aranges
                0x0000000000000518       0x58 MCAL/TIMER_2_driver/TIMER_2.o
 .debug_aranges
                0x0000000000000570       0x28 MCAL/WATCHDOG/WATCHDOG.o

.debug_pubnames
 *(.debug_pubnames)

.debug_info     0x0000000000000000     0x8a67
 *(.debug_info .gnu.linkonce.wi.*)
 .debug_info    0x0000000000000000      0x4e6 C:/Program Files (x86)/Atmel/Studio/7.0/Packs/atmel/ATmega_DFP/1.7.374/xc8/avr/lib/avr5/memx-const/crtatmega32.o
 .debug_info    0x00000000000004e6     0x10ef APP/APP.o
 .debug_info    0x00000000000015d5     0x1025 HAL/LCD/LCD.o
 .debug_info    0x00000000000025fa      0x2e3 HAL/LM35/LM35.o
 .debug_info    0x00000000000028dd      0xef6 HAL/OLED/OLED_SSD1306.o
 .debug_info    0x00000000000037d3      0xd7a HAL/RFID/RFID.o
 .debug_info    0x000000000000454d      0x869 HAL/ULTRASONIC2/ULTRASONIC2.o
 .debug_info    0x0000000000004db6      0x863 HAL/ULTRASONIC/ULTRASONIC.o
 .debug_info    0x0000000000005619      0x48c main.o
 .debug_info    0x0000000000005aa5      0x351 MCAL/ADC/ADC.o
 .debug_info    0x0000000000005df6      0x4f4 MCAL/DIO/DIO.o
 .debug_info    0x00000000000062ea      0x321 MCAL/EEPROM/EEPROM.o
 .debug_info    0x000000000000660b      0x560 MCAL/EXTERNAL_INT_driver/External_INT.o
 .debug_info    0x0000000000006b6b      0x43a MCAL/I2C/I2C.o
 .debug_info    0x0000000000006fa5      0x4fc MCAL/ICU/icu.o
 .debug_info    0x00000000000074a1      0x395 MCAL/PWM_TIMER1/PWM_TIMER_1.o
 .debug_info    0x0000000000007836      0x277 MCAL/SPI/SPI.o
 .debug_info    0x0000000000007aad      0x786 MCAL/TIMER_0/Timer0.o
 .debug_info    0x0000000000008233      0x587 MCAL/TIMER_2_driver/TIMER_2.o
 .debug_info    0x00000000000087ba      0x2ad MCAL/WATCHDOG/WATCHDOG.o

.debug_abbrev   0x0000000000000000     0x19cd
 *(.debug_abbrev)
 .debug_abbrev  0x0000000000000000      0x4a3 C:/Program Files (x86)/Atmel/Studio/7.0/Packs/atmel/ATmega_DFP/1.7.374/xc8/avr/lib/avr5/memx-const/crtatmega32.o
 .debug_abbrev  0x00000000000004a3      0x1e9 APP/APP.o
 .debug_abbrev  0x000000000000068c      0x1aa HAL/LCD/LCD.o
 .debug_abbrev  0x0000000000000836       0x89 HAL/LM35/LM35.o
 .debug_abbrev  0x00000000000008bf      0x1c7 HAL/OLED/OLED_SSD1306.o
 .debug_abbrev  0x0000000000000a86      0x205 HAL/RFID/RFID.o
 .debug_abbrev  0x0000000000000c8b      0x1f0 HAL/ULTRASONIC2/ULTRASONIC2.o
 .debug_abbrev  0x0000000000000e7b      0x1f0 HAL/ULTRASONIC/ULTRASONIC.o
 .debug_abbrev  0x000000000000106b       0xcd main.o
 .debug_abbrev  0x0000000000001138       0xa0 MCAL/ADC/ADC.o
 .debug_abbrev  0x00000000000011d8       0xfd MCAL/DIO/DIO.o
 .debug_abbrev  0x00000000000012d5       0x9a MCAL/EEPROM/EEPROM.o
 .debug_abbrev  0x000000000000136f       0xe1 MCAL/EXTERNAL_INT_driver/External_INT.o
 .debug_abbrev  0x0000000000001450       0xa9 MCAL/I2C/I2C.o
 .debug_abbrev  0x00000000000014f9      0x115 MCAL/ICU/icu.o
 .debug_abbrev  0x000000000000160e       0xc3 MCAL/PWM_TIMER1/PWM_TIMER_1.o
 .debug_abbrev  0x00000000000016d1       0x6f MCAL/SPI/SPI.o
 .debug_abbrev  0x0000000000001740      0x141 MCAL/TIMER_0/Timer0.o
 .debug_abbrev  0x0000000000001881      0x106 MCAL/TIMER_2_driver/TIMER_2.o
 .debug_abbrev  0x0000000000001987       0x46 MCAL/WATCHDOG/WATCHDOG.o

.debug_line     0x0000000000000000     0x36e6
 *(.debug_line .debug_line.* .debug_line_end)
 .debug_line    0x0000000000000000      0x119 C:/Program Files (x86)/Atmel/Studio/7.0/Packs/atmel/ATmega_DFP/1.7.374/xc8/avr/lib/avr5/memx-const/crtatmega32.o
 .debug_line    0x0000000000000119      0x799 APP/APP.o
 .debug_line    0x00000000000008b2      0x4d6 HAL/LCD/LCD.o
 .debug_line    0x0000000000000d88       0xc9 HAL/LM35/LM35.o
 .debug_line    0x0000000000000e51      0x6f5 HAL/OLED/OLED_SSD1306.o
 .debug_line    0x0000000000001546      0x5ed HAL/RFID/RFID.o
 .debug_line    0x0000000000001b33      0x2af HAL/ULTRASONIC2/ULTRASONIC2.o
 .debug_line    0x0000000000001de2      0x2a9 HAL/ULTRASONIC/ULTRASONIC.o
 .debug_line    0x000000000000208b       0xe5 main.o
 .debug_line    0x0000000000002170      0x116 MCAL/ADC/ADC.o
 .debug_line    0x0000000000002286      0x48f MCAL/DIO/DIO.o
 .debug_line    0x0000000000002715       0xfa MCAL/EEPROM/EEPROM.o
 .debug_line    0x000000000000280f      0x20f MCAL/EXTERNAL_INT_driver/External_INT.o
 .debug_line    0x0000000000002a1e      0x21d MCAL/I2C/I2C.o
 .debug_line    0x0000000000002c3b      0x199 MCAL/ICU/icu.o
 .debug_line    0x0000000000002dd4      0x115 MCAL/PWM_TIMER1/PWM_TIMER_1.o
 .debug_line    0x0000000000002ee9       0xcd MCAL/SPI/SPI.o
 .debug_line    0x0000000000002fb6      0x484 MCAL/TIMER_0/Timer0.o
 .debug_line    0x000000000000343a      0x20c MCAL/TIMER_2_driver/TIMER_2.o
 .debug_line    0x0000000000003646       0xa0 MCAL/WATCHDOG/WATCHDOG.o

.debug_frame    0x0000000000000000     0x101c
 *(.debug_frame)
 .debug_frame   0x0000000000000000      0x1d8 APP/APP.o
 .debug_frame   0x00000000000001d8      0x150 HAL/LCD/LCD.o
 .debug_frame   0x0000000000000328       0x34 HAL/LM35/LM35.o
 .debug_frame   0x000000000000035c      0x1fc HAL/OLED/OLED_SSD1306.o
 .debug_frame   0x0000000000000558      0x240 HAL/RFID/RFID.o
 .debug_frame   0x0000000000000798       0x80 HAL/ULTRASONIC2/ULTRASONIC2.o
 .debug_frame   0x0000000000000818       0x80 HAL/ULTRASONIC/ULTRASONIC.o
 .debug_frame   0x0000000000000898       0x24 main.o
 .debug_frame   0x00000000000008bc       0x34 MCAL/ADC/ADC.o
 .debug_frame   0x00000000000008f0       0x94 MCAL/DIO/DIO.o
 .debug_frame   0x0000000000000984       0x44 MCAL/EEPROM/EEPROM.o
 .debug_frame   0x00000000000009c8      0x14c MCAL/EXTERNAL_INT_driver/External_INT.o
 .debug_frame   0x0000000000000b14       0x84 MCAL/I2C/I2C.o
 .debug_frame   0x0000000000000b98       0xcc MCAL/ICU/icu.o
 .debug_frame   0x0000000000000c64       0x60 MCAL/PWM_TIMER1/PWM_TIMER_1.o
 .debug_frame   0x0000000000000cc4       0x34 MCAL/SPI/SPI.o
 .debug_frame   0x0000000000000cf8      0x1cc MCAL/TIMER_0/Timer0.o
 .debug_frame   0x0000000000000ec4      0x124 MCAL/TIMER_2_driver/TIMER_2.o
 .debug_frame   0x0000000000000fe8       0x34 MCAL/WATCHDOG/WATCHDOG.o

.debug_str      0x0000000000000000      0x5fe
 *(.debug_str)
 .debug_str     0x0000000000000000      0x196 C:/Program Files (x86)/Atmel/Studio/7.0/Packs/atmel/ATmega_DFP/1.7.374/xc8/avr/lib/avr5/memx-const/crtatmega32.o
 .debug_str     0x0000000000000196      0x15e APP/APP.o
 .debug_str     0x00000000000002f4       0x73 HAL/LCD/LCD.o
 .debug_str     0x0000000000000367       0x12 HAL/LM35/LM35.o
 .debug_str     0x0000000000000379       0x4c HAL/OLED/OLED_SSD1306.o
 .debug_str     0x00000000000003c5       0x16 HAL/RFID/RFID.o
 .debug_str     0x00000000000003db       0x91 HAL/ULTRASONIC2/ULTRASONIC2.o
 .debug_str     0x000000000000046c       0x91 HAL/ULTRASONIC/ULTRASONIC.o
 .debug_str     0x00000000000004fd       0x75 main.o
 .debug_str     0x0000000000000572        0x0 MCAL/ADC/ADC.o
 .debug_str     0x0000000000000572       0x37 MCAL/DIO/DIO.o
 .debug_str     0x00000000000005a9        0x8 MCAL/EEPROM/EEPROM.o
 .debug_str     0x00000000000005b1        0x0 MCAL/EXTERNAL_INT_driver/External_INT.o
 .debug_str     0x00000000000005b1        0x7 MCAL/I2C/I2C.o
 .debug_str     0x00000000000005b8        0x0 MCAL/ICU/icu.o
 .debug_str     0x00000000000005b8       0x2b MCAL/PWM_TIMER1/PWM_TIMER_1.o
 .debug_str     0x00000000000005e3        0x0 MCAL/SPI/SPI.o
 .debug_str     0x00000000000005e3       0x1b MCAL/TIMER_0/Timer0.o
 .debug_str     0x00000000000005fe        0x0 MCAL/TIMER_2_driver/TIMER_2.o
 .debug_str     0x00000000000005fe        0x0 MCAL/WATCHDOG/WATCHDOG.o

.debug_loc      0x0000000000000000     0x3c15
 *(.debug_loc)
 .debug_loc     0x0000000000000000      0x73a APP/APP.o
 .debug_loc     0x000000000000073a      0x6b1 HAL/LCD/LCD.o
 .debug_loc     0x0000000000000deb      0xa0f HAL/OLED/OLED_SSD1306.o
 .debug_loc     0x00000000000017fa      0xb0b HAL/RFID/RFID.o
 .debug_loc     0x0000000000002305      0x23e HAL/ULTRASONIC2/ULTRASONIC2.o
 .debug_loc     0x0000000000002543      0x23e HAL/ULTRASONIC/ULTRASONIC.o
 .debug_loc     0x0000000000002781       0x42 MCAL/ADC/ADC.o
 .debug_loc     0x00000000000027c3      0x481 MCAL/DIO/DIO.o
 .debug_loc     0x0000000000002c44       0x79 MCAL/EEPROM/EEPROM.o
 .debug_loc     0x0000000000002cbd      0x261 MCAL/EXTERNAL_INT_driver/External_INT.o
 .debug_loc     0x0000000000002f1e      0x1aa MCAL/I2C/I2C.o
 .debug_loc     0x00000000000030c8       0xec MCAL/ICU/icu.o
 .debug_loc     0x00000000000031b4      0x1b9 MCAL/PWM_TIMER1/PWM_TIMER_1.o
 .debug_loc     0x000000000000336d       0x1f MCAL/SPI/SPI.o
 .debug_loc     0x000000000000338c      0x6f3 MCAL/TIMER_0/Timer0.o
 .debug_loc     0x0000000000003a7f      0x196 MCAL/TIMER_2_driver/TIMER_2.o

.debug_macinfo
 *(.debug_macinfo)

.debug_weaknames
 *(.debug_weaknames)

.debug_funcnames
 *(.debug_funcnames)

.debug_typenames
 *(.debug_typenames)

.debug_varnames
 *(.debug_varnames)

.debug_pubtypes
 *(.debug_pubtypes)

.debug_ranges   0x0000000000000000      0x4b8
 *(.debug_ranges)
 .debug_ranges  0x0000000000000000       0x78 APP/APP.o
 .debug_ranges  0x0000000000000078       0x80 HAL/LCD/LCD.o
 .debug_ranges  0x00000000000000f8       0x18 HAL/LM35/LM35.o
 .debug_ranges  0x0000000000000110       0x78 HAL/OLED/OLED_SSD1306.o
 .debug_ranges  0x0000000000000188       0xc0 HAL/RFID/RFID.o
 .debug_ranges  0x0000000000000248       0x28 HAL/ULTRASONIC2/ULTRASONIC2.o
 .debug_ranges  0x0000000000000270       0x28 HAL/ULTRASONIC/ULTRASONIC.o
 .debug_ranges  0x0000000000000298       0x10 main.o
 .debug_ranges  0x00000000000002a8       0x18 MCAL/ADC/ADC.o
 .debug_ranges  0x00000000000002c0       0x48 MCAL/DIO/DIO.o
 .debug_ranges  0x0000000000000308       0x20 MCAL/EEPROM/EEPROM.o
 .debug_ranges  0x0000000000000328       0x38 MCAL/EXTERNAL_INT_driver/External_INT.o
 .debug_ranges  0x0000000000000360       0x40 MCAL/I2C/I2C.o
 .debug_ranges  0x00000000000003a0       0x40 MCAL/ICU/icu.o
 .debug_ranges  0x00000000000003e0       0x20 MCAL/PWM_TIMER1/PWM_TIMER_1.o
 .debug_ranges  0x0000000000000400       0x18 MCAL/SPI/SPI.o
 .debug_ranges  0x0000000000000418       0x40 MCAL/TIMER_0/Timer0.o
 .debug_ranges  0x0000000000000458       0x48 MCAL/TIMER_2_driver/TIMER_2.o
 .debug_ranges  0x00000000000004a0       0x18 MCAL/WATCHDOG/WATCHDOG.o

.debug_macro
 *(.debug_macro)
OUTPUT(MEGA_PROJECT.elf elf32-avr)
LOAD linker stubs
LOAD data_init

.note.gnu.avr.deviceinfo
                0x0000000000000000       0x3c
 .note.gnu.avr.deviceinfo
                0x0000000000000000       0x3c C:/Program Files (x86)/Atmel/Studio/7.0/Packs/atmel/ATmega_DFP/1.7.374/xc8/avr/lib/avr5/memx-const/crtatmega32.o

.bss.person_count
                0x00000000008000a0        0x1
 .bss.person_count
                0x00000000008000a0        0x1 APP/APP.o
                0x00000000008000a0                person_count

.bss.card__enroll_flag
                0x00000000008000a1        0x1
 .bss.card__enroll_flag
                0x00000000008000a1        0x1 APP/APP.o
                0x00000000008000a1                card__enroll_flag

.bss.id_count   0x00000000008000a2        0x1
 .bss.id_count  0x00000000008000a2        0x1 APP/APP.o
                0x00000000008000a2                id_count

.bss.Status_ID  0x00000000008000a3        0x1
 .bss.Status_ID
                0x00000000008000a3        0x1 APP/APP.o
                0x00000000008000a3                Status_ID

.bss.CardId     0x000000000080007d        0x4
 .bss.CardId    0x000000000080007d        0x4 APP/APP.o
                0x000000000080007d                CardId

.bss.numTicks   0x000000000080008c        0x2
 .bss.numTicks  0x000000000080008c        0x2 HAL/ULTRASONIC2/ULTRASONIC2.o

.bss.ultrasonic_distance
                0x0000000000800081        0x4
 .bss.ultrasonic_distance
                0x0000000000800081        0x4 HAL/ULTRASONIC2/ULTRASONIC2.o

.bss.numTicks   0x000000000080008e        0x2
 .bss.numTicks  0x000000000080008e        0x2 HAL/ULTRASONIC/ULTRASONIC.o

.bss.ultrasonic_distance
                0x0000000000800085        0x4
 .bss.ultrasonic_distance
                0x0000000000800085        0x4 HAL/ULTRASONIC/ULTRASONIC.o

.bss.INT2_PTR   0x0000000000800090        0x2
 .bss.INT2_PTR  0x0000000000800090        0x2 MCAL/EXTERNAL_INT_driver/External_INT.o

.bss.INT1_PTR   0x0000000000800092        0x2
 .bss.INT1_PTR  0x0000000000800092        0x2 MCAL/EXTERNAL_INT_driver/External_INT.o

.bss.INT0_PTR   0x0000000000800094        0x2
 .bss.INT0_PTR  0x0000000000800094        0x2 MCAL/EXTERNAL_INT_driver/External_INT.o

.bss.masterMode
                0x00000000008000a4        0x1
 .bss.masterMode
                0x00000000008000a4        0x1 MCAL/I2C/I2C.o

.bss.g_callBackPtr
                0x0000000000800096        0x2
 .bss.g_callBackPtr
                0x0000000000800096        0x2 MCAL/ICU/icu.o

.bss.g_config   0x0000000000800078        0x5
 .bss.g_config  0x0000000000800078        0x5 MCAL/TIMER_0/Timer0.o

.bss.g_Milli_Seconds
                0x0000000000800098        0x2
 .bss.g_Milli_Seconds
                0x0000000000800098        0x2 MCAL/TIMER_0/Timer0.o

.bss.flag       0x00000000008000a5        0x1
 .bss.flag      0x00000000008000a5        0x1 MCAL/TIMER_0/Timer0.o

.bss.g_callback_ptr
                0x000000000080009a        0x2
 .bss.g_callback_ptr
                0x000000000080009a        0x2 MCAL/TIMER_0/Timer0.o

.bss.g_ptr      0x000000000080009c        0x2
 .bss.g_ptr     0x000000000080009c        0x2 MCAL/TIMER_0/Timer0.o

.bss.T2_callBack_Ptr
                0x000000000080009e        0x2
 .bss.T2_callBack_Ptr
                0x000000000080009e        0x2 MCAL/TIMER_2_driver/TIMER_2.o

.progmemx.data.OledFontTable
                0x000000000000016e      0x1db
 .progmemx.data.OledFontTable
                0x000000000000016e      0x1db HAL/OLED/OLED_SSD1306.o
                0x000000000000016e                OledFontTable

.progmemx.data  0x0000000000000349       0x92
 .progmemx.data
                0x0000000000000349       0x92 APP/APP.o

.progmemx.data.state_table
                0x00000000000003db       0x16
 .progmemx.data.state_table
                0x00000000000003db       0x16 c:/program files/microchip/xc8/v2.36/avr/bin/../lib/gcc/avr/5.4.0/../../../../avr/lib/avr5/memx-const\libc.a(__printf_core.o)

.progmemx.data  0x00000000000003f1        0x7
 .progmemx.data
                0x00000000000003f1        0x7 c:/program files/microchip/xc8/v2.36/avr/bin/../lib/gcc/avr/5.4.0/../../../../avr/lib/avr5/memx-const\libc.a(__fmt_s.o)

.progmemx.data  0x00000000000003f8        0x6
 .progmemx.data
                0x00000000000003f8        0x6 c:/program files/microchip/xc8/v2.36/avr/bin/../lib/gcc/avr/5.4.0/../../../../avr/lib/avr5/memx-const\libc.a(__printf_core.o)

.text.__printf_core
                0x00000000000003fe      0x822
 .text.__printf_core
                0x00000000000003fe      0x822 c:/program files/microchip/xc8/v2.36/avr/bin/../lib/gcc/avr/5.4.0/../../../../avr/lib/avr5/memx-const\libc.a(__printf_core.o)
                0x00000000000003fe                __printf_core

.text.__fmt_x   0x0000000000000c20      0x280
 .text.__fmt_x  0x0000000000000c20      0x280 c:/program files/microchip/xc8/v2.36/avr/bin/../lib/gcc/avr/5.4.0/../../../../avr/lib/avr5/memx-const\libc.a(__fmt_x.o)
                0x0000000000000c20                __fmt_x_needed
                0x0000000000000c20                __fmt_x

.text.OLED_Printf
                0x0000000000000ea0      0x23c
 .text.OLED_Printf
                0x0000000000000ea0      0x23c HAL/OLED/OLED_SSD1306.o
                0x0000000000000ea0                OLED_Printf

.text.Communicate
                0x00000000000010dc      0x1e0
 .text.Communicate
                0x00000000000010dc      0x1e0 HAL/RFID/RFID.o
                0x00000000000010dc                Communicate

.text.DIO_vSetPinDirection
                0x00000000000012bc      0x188
 .text.DIO_vSetPinDirection
                0x00000000000012bc      0x188 MCAL/DIO/DIO.o
                0x00000000000012bc                DIO_vSetPinDirection

.text.__fmt_d   0x0000000000001444      0x17e
 .text.__fmt_d  0x0000000000001444      0x17e c:/program files/microchip/xc8/v2.36/avr/bin/../lib/gcc/avr/5.4.0/../../../../avr/lib/avr5/memx-const\libc.a(__fmt_d.o)
                0x0000000000001444                __fmt_d
                0x0000000000001444                __fmt_d_needed

.text.RFID_READ_CARD
                0x00000000000015c2      0x17a
 .text.RFID_READ_CARD
                0x00000000000015c2      0x17a APP/APP.o
                0x00000000000015c2                RFID_READ_CARD

.text.__pop_int
                0x000000000000173c      0x172
 .text.__pop_int
                0x000000000000173c      0x172 c:/program files/microchip/xc8/v2.36/avr/bin/../lib/gcc/avr/5.4.0/../../../../avr/lib/avr5/memx-const\libc.a(__pop_int.o)
                0x000000000000173c                __pop_int_needed
                0x000000000000173c                __pop_int

.text.__cvt_u   0x00000000000018ae      0x14a
 .text.__cvt_u  0x00000000000018ae      0x14a c:/program files/microchip/xc8/v2.36/avr/bin/../lib/gcc/avr/5.4.0/../../../../avr/lib/avr5/memx-const\libc.a(__fmt_u.o)
                0x00000000000018ae                __cvt_u

.text.OLED_DisplayNumber
                0x00000000000019f8      0x148
 .text.OLED_DisplayNumber
                0x00000000000019f8      0x148 HAL/OLED/OLED_SSD1306.o
                0x00000000000019f8                OLED_DisplayNumber

.text.__pad     0x0000000000001b40      0x10e
 .text.__pad    0x0000000000001b40      0x10e c:/program files/microchip/xc8/v2.36/avr/bin/../lib/gcc/avr/5.4.0/../../../../avr/lib/avr5/memx-const\libc.a(__printf_core.o)
                0x0000000000001b40                __pad

.text.DIO_vWritePin
                0x0000000000001c4e       0xe6
 .text.DIO_vWritePin
                0x0000000000001c4e       0xe6 MCAL/DIO/DIO.o
                0x0000000000001c4e                DIO_vWritePin

.text           0x0000000000001d34       0xde
 .text          0x0000000000001d34       0xde c:/program files/microchip/xc8/v2.36/avr/bin/../lib/gcc/avr/5.4.0/../../../../avr/lib/avr5/memx-const\libm.a(divsf3x.o)
                0x0000000000001d34                __divsf3x
                0x0000000000001d5c                __divsf3_pse

.text.TIMER0_init
                0x0000000000001e12       0xdc
 .text.TIMER0_init
                0x0000000000001e12       0xdc MCAL/TIMER_0/Timer0.o
                0x0000000000001e12                TIMER0_init

.text.__pop_ptr
                0x0000000000001eee       0xd8
 .text.__pop_ptr
                0x0000000000001eee       0xd8 c:/program files/microchip/xc8/v2.36/avr/bin/../lib/gcc/avr/5.4.0/../../../../avr/lib/avr5/memx-const\libc.a(__pop_ptr.o)
                0x0000000000001eee                __pop_ptr
                0x0000000000001eee                __pop_ptr_needed

.text           0x0000000000001fc6       0xd4
 .text          0x0000000000001fc6       0xd4 c:/program files/microchip/xc8/v2.36/avr/bin/../lib/gcc/avr/5.4.0/../../../../avr/lib/avr5/memx-const\libm.a(mulsf3x.o)
                0x0000000000001fc6                __mulsf3x
                0x0000000000001fec                __mulsf3_pse

.text.__fmt_o   0x000000000000209a       0xd4
 .text.__fmt_o  0x000000000000209a       0xd4 c:/program files/microchip/xc8/v2.36/avr/bin/../lib/gcc/avr/5.4.0/../../../../avr/lib/avr5/memx-const\libc.a(__fmt_o.o)
                0x000000000000209a                __fmt_o
                0x000000000000209a                __fmt_o_needed

.text.LCD_4_bit_sendCommand
                0x000000000000216e       0xd2
 .text.LCD_4_bit_sendCommand
                0x000000000000216e       0xd2 HAL/LCD/LCD.o
                0x000000000000216e                LCD_4_bit_sendCommand

.text.LCD_4_bit_sendChar
                0x0000000000002240       0xd2
 .text.LCD_4_bit_sendChar
                0x0000000000002240       0xd2 HAL/LCD/LCD.o
                0x0000000000002240                LCD_4_bit_sendChar

.text.TEMP_MOTOR_RUN
                0x0000000000002312       0xce
 .text.TEMP_MOTOR_RUN
                0x0000000000002312       0xce APP/APP.o
                0x0000000000002312                TEMP_MOTOR_RUN

.text           0x00000000000023e0       0xce
 .text          0x00000000000023e0       0xce c:/program files/microchip/xc8/v2.36/avr/bin/../lib/gcc/avr/5.4.0/../../../../avr/lib/avr5/memx-const\libm.a(addsf3x.o)
                0x00000000000023e0                __addsf3x

.text.__fmt_s   0x00000000000024ae       0xca
 .text.__fmt_s  0x00000000000024ae       0xca c:/program files/microchip/xc8/v2.36/avr/bin/../lib/gcc/avr/5.4.0/../../../../avr/lib/avr5/memx-const\libc.a(__fmt_s.o)
                0x00000000000024ae                __fmt_s
                0x00000000000024ae                __fmt_0_needed
                0x00000000000024ae                __fmt_s_needed

.text.ULTRASONIC_TURN_LEDS_ON
                0x0000000000002578       0xb8
 .text.ULTRASONIC_TURN_LEDS_ON
                0x0000000000002578       0xb8 APP/APP.o
                0x0000000000002578                ULTRASONIC_TURN_LEDS_ON

.text.ULTRASONIC2_GET_DISTANCE
                0x0000000000002630       0xb8
 .text.ULTRASONIC2_GET_DISTANCE
                0x0000000000002630       0xb8 HAL/ULTRASONIC2/ULTRASONIC2.o
                0x0000000000002630                ULTRASONIC2_GET_DISTANCE

.text.ULTRASONIC_GET_DISTANCE
                0x00000000000026e8       0xb8
 .text.ULTRASONIC_GET_DISTANCE
                0x00000000000026e8       0xb8 HAL/ULTRASONIC/ULTRASONIC.o
                0x00000000000026e8                ULTRASONIC_GET_DISTANCE

.text.__fmt_u   0x00000000000027a0       0xb0
 .text.__fmt_u  0x00000000000027a0       0xb0 c:/program files/microchip/xc8/v2.36/avr/bin/../lib/gcc/avr/5.4.0/../../../../avr/lib/avr5/memx-const\libc.a(__fmt_u.o)
                0x00000000000027a0                __fmt_u_needed
                0x00000000000027a0                __fmt_u

.text.DRAW_FRAME
                0x0000000000002850       0xaa
 .text.DRAW_FRAME
                0x0000000000002850       0xaa APP/APP.o
                0x0000000000002850                DRAW_FRAME

.text.GetCardId
                0x00000000000028fa       0xa6
 .text.GetCardId
                0x00000000000028fa       0xa6 HAL/RFID/RFID.o
                0x00000000000028fa                GetCardId

.text.__vsnprintf
                0x00000000000029a0       0xa4
 .text.__vsnprintf
                0x00000000000029a0       0xa4 c:/program files/microchip/xc8/v2.36/avr/bin/../lib/gcc/avr/5.4.0/../../../../avr/lib/avr5/memx-const\libc.a(__int_vsnprintf.o)
                0x00000000000029a0                __vsnprintf

.text.libgcc.div
                0x0000000000002a44       0xa2
 .text.libgcc.div
                0x0000000000002a44       0xa2 c:/program files/microchip/xc8/v2.36/avr/bin/../lib/gcc/avr/5.4.0/avr5/memx-const\libgcc.a(_udivmod64.o)
                0x0000000000002a44                __udivmod64

.text.OLED_Init
                0x0000000000002ae6       0xa0
 .text.OLED_Init
                0x0000000000002ae6       0xa0 HAL/OLED/OLED_SSD1306.o
                0x0000000000002ae6                OLED_Init

.text.__fmt_state
                0x0000000000002b86       0x9e
 .text.__fmt_state
                0x0000000000002b86       0x9e c:/program files/microchip/xc8/v2.36/avr/bin/../lib/gcc/avr/5.4.0/../../../../avr/lib/avr5/memx-const\libc.a(__printf_core.o)
                0x0000000000002b86                __fmt_state

.text.fputc     0x0000000000002c24       0x92
 .text.fputc    0x0000000000002c24       0x92 c:/program files/microchip/xc8/v2.36/avr/bin/../lib/gcc/avr/5.4.0/../../../../avr/lib/avr5/memx-const\libc.a(fputc.o)
                0x0000000000002c24                fputc
                0x0000000000002c24                putc

.text.PWM_Generate_CHANNELA
                0x0000000000002cb6       0x90
 .text.PWM_Generate_CHANNELA
                0x0000000000002cb6       0x90 MCAL/PWM_TIMER1/PWM_TIMER_1.o
                0x0000000000002cb6                PWM_Generate_CHANNELA

.text.atoi      0x0000000000002d46       0x90
 .text.atoi     0x0000000000002d46       0x90 c:/program files/microchip/xc8/v2.36/avr/bin/../lib/gcc/avr/5.4.0/../../../../avr/lib/avr5/memx-const\libc.a(atoi.o)
                0x0000000000002d46                atoi

.text.DIO_vSetPortDirection
                0x0000000000002dd6       0x88
 .text.DIO_vSetPortDirection
                0x0000000000002dd6       0x88 MCAL/DIO/DIO.o
                0x0000000000002dd6                DIO_vSetPortDirection

.text.calculate_crc
                0x0000000000002e5e       0x82
 .text.calculate_crc
                0x0000000000002e5e       0x82 HAL/RFID/RFID.o
                0x0000000000002e5e                calculate_crc

.text.DetectCard
                0x0000000000002ee0       0x82
 .text.DetectCard
                0x0000000000002ee0       0x82 HAL/RFID/RFID.o
                0x0000000000002ee0                DetectCard

.text.RFID_ENROLL
                0x0000000000002f62       0x80
 .text.RFID_ENROLL
                0x0000000000002f62       0x80 APP/APP.o
                0x0000000000002f62                RFID_ENROLL

.text.OLED_Clear
                0x0000000000002fe2       0x80
 .text.OLED_Clear
                0x0000000000002fe2       0x80 HAL/OLED/OLED_SSD1306.o
                0x0000000000002fe2                OLED_Clear

.text.WriteRegMulti
                0x0000000000003062       0x80
 .text.WriteRegMulti
                0x0000000000003062       0x80 HAL/RFID/RFID.o
                0x0000000000003062                WriteRegMulti

.text.DIO_u8GetPinValue
                0x00000000000030e2       0x7a
 .text.DIO_u8GetPinValue
                0x00000000000030e2       0x7a MCAL/DIO/DIO.o
                0x00000000000030e2                DIO_u8GetPinValue

.text           0x000000000000315c       0x7a
 .text          0x000000000000315c       0x7a c:/program files/microchip/xc8/v2.36/avr/bin/../lib/gcc/avr/5.4.0/../../../../avr/lib/avr5/memx-const\libm.a(floatsisf.o)
                0x000000000000315c                __floatunsisf
                0x0000000000003160                __floatsisf

.text.OLED_DisplayChar
                0x00000000000031d6       0x78
 .text.OLED_DisplayChar
                0x00000000000031d6       0x78 HAL/OLED/OLED_SSD1306.o
                0x00000000000031d6                OLED_DisplayChar

.text.__vector_11
                0x000000000000324e       0x76
 .text.__vector_11
                0x000000000000324e       0x76 MCAL/TIMER_0/Timer0.o
                0x000000000000324e                __vector_11

.text.__vector_10
                0x00000000000032c4       0x76
 .text.__vector_10
                0x00000000000032c4       0x76 MCAL/TIMER_0/Timer0.o
                0x00000000000032c4                __vector_10

.text.EXT_INT_SET_CONFIG
                0x000000000000333a       0x72
 .text.EXT_INT_SET_CONFIG
                0x000000000000333a       0x72 MCAL/EXTERNAL_INT_driver/External_INT.o
                0x000000000000333a                EXT_INT_SET_CONFIG

.text.OLED_DisplayFloatNumber
                0x00000000000033ac       0x70
 .text.OLED_DisplayFloatNumber
                0x00000000000033ac       0x70 HAL/OLED/OLED_SSD1306.o
                0x00000000000033ac                OLED_DisplayFloatNumber

.text.ADC_INIT  0x000000000000341c       0x68
 .text.ADC_INIT
                0x000000000000341c       0x68 MCAL/ADC/ADC.o
                0x000000000000341c                ADC_INIT

.text.__out     0x0000000000003484       0x68
 .text.__out    0x0000000000003484       0x68 c:/program files/microchip/xc8/v2.36/avr/bin/../lib/gcc/avr/5.4.0/../../../../avr/lib/avr5/memx-const\libc.a(__printf_core.o)
                0x0000000000003484                __out

.text           0x00000000000034ec       0x5e
 .text          0x00000000000034ec       0x5e c:/program files/microchip/xc8/v2.36/avr/bin/../lib/gcc/avr/5.4.0/../../../../avr/lib/avr5/memx-const\libm.a(fixunssfsi.o)
                0x00000000000034ec                __fixunssfsi

.text.__vector_5
                0x000000000000354a       0x5a
 .text.__vector_5
                0x000000000000354a       0x5a MCAL/TIMER_2_driver/TIMER_2.o
                0x000000000000354a                __vector_5

.text.__vector_4
                0x00000000000035a4       0x5a
 .text.__vector_4
                0x00000000000035a4       0x5a MCAL/TIMER_2_driver/TIMER_2.o
                0x00000000000035a4                __vector_4

.text.SPI_Init  0x00000000000035fe       0x56
 .text.SPI_Init
                0x00000000000035fe       0x56 MCAL/SPI/SPI.o
                0x00000000000035fe                SPI_Init

.text.__vector_1
                0x0000000000003654       0x52
 .text.__vector_1
                0x0000000000003654       0x52 MCAL/EXTERNAL_INT_driver/External_INT.o
                0x0000000000003654                __vector_1

.text.__vector_2
                0x00000000000036a6       0x52
 .text.__vector_2
                0x00000000000036a6       0x52 MCAL/EXTERNAL_INT_driver/External_INT.o
                0x00000000000036a6                __vector_2

.text.__vector_3
                0x00000000000036f8       0x52
 .text.__vector_3
                0x00000000000036f8       0x52 MCAL/EXTERNAL_INT_driver/External_INT.o
                0x00000000000036f8                __vector_3

.text.__vector_6
                0x000000000000374a       0x52
 .text.__vector_6
                0x000000000000374a       0x52 MCAL/ICU/icu.o
                0x000000000000374a                __vector_6

.text.i2c_tx_address
                0x000000000000379c       0x50
 .text.i2c_tx_address
                0x000000000000379c       0x50 MCAL/I2C/I2C.o
                0x000000000000379c                i2c_tx_address

.text.LCD_4_bit_init
                0x00000000000037ec       0x4e
 .text.LCD_4_bit_init
                0x00000000000037ec       0x4e HAL/LCD/LCD.o
                0x00000000000037ec                LCD_4_bit_init

.text.OLED_SetCursor
                0x000000000000383a       0x4e
 .text.OLED_SetCursor
                0x000000000000383a       0x4e HAL/OLED/OLED_SSD1306.o
                0x000000000000383a                OLED_SetCursor

.text.RFID_INIT
                0x0000000000003888       0x4c
 .text.RFID_INIT
                0x0000000000003888       0x4c APP/APP.o
                0x0000000000003888                RFID_INIT

.text.ADC_READ  0x00000000000038d4       0x48
 .text.ADC_READ
                0x00000000000038d4       0x48 MCAL/ADC/ADC.o
                0x00000000000038d4                ADC_READ

.text           0x000000000000391c       0x48
 .text          0x000000000000391c       0x48 c:/program files/microchip/xc8/v2.36/avr/bin/../lib/gcc/avr/5.4.0/../../../../avr/lib/avr5/memx-const\libm.a(fp_cmp.o)
                0x000000000000391c                __fp_cmp

.text.STARTING_SCREEN
                0x0000000000003964       0x46
 .text.STARTING_SCREEN
                0x0000000000003964       0x46 APP/APP.o
                0x0000000000003964                STARTING_SCREEN

.text.begin     0x00000000000039aa       0x46
 .text.begin    0x00000000000039aa       0x46 HAL/RFID/RFID.o
                0x00000000000039aa                begin

.text           0x00000000000039f0       0x44
 .text          0x00000000000039f0       0x44 c:/program files/microchip/xc8/v2.36/avr/bin/../lib/gcc/avr/5.4.0/../../../../avr/lib/avr5/memx-const\libm.a(fp_split3.o)
                0x00000000000039f0                __fp_split3
                0x0000000000003a00                __fp_splitA

.text.libgcc.div
                0x0000000000003a34       0x44
 .text.libgcc.div
                0x0000000000003a34       0x44 c:/program files/microchip/xc8/v2.36/avr/bin/../lib/gcc/avr/5.4.0/avr5/memx-const\libgcc.a(_udivmodsi4.o)
                0x0000000000003a34                __udivmodsi4

.text.__pop_float
                0x0000000000003a78       0x40
 .text.__pop_float
                0x0000000000003a78       0x40 c:/program files/microchip/xc8/v2.36/avr/bin/../lib/gcc/avr/5.4.0/../../../../avr/lib/avr5/memx-const\libc.a(__pop_float.o)
                0x0000000000003a78                __pop_float_needed
                0x0000000000003a78                __pop_float

.text.libgcc.builtins
                0x0000000000003ab8       0x3c
 .text.libgcc.builtins
                0x0000000000003ab8       0x3c c:/program files/microchip/xc8/v2.36/avr/bin/../lib/gcc/avr/5.4.0/avr5/memx-const\libgcc.a(_ashrdi3.o)
                0x0000000000003ab8                __ashrdi3
                0x0000000000003abc                __lshrdi3

.text.libgcc.prologue
                0x0000000000003af4       0x38
 .text.libgcc.prologue
                0x0000000000003af4       0x38 c:/program files/microchip/xc8/v2.36/avr/bin/../lib/gcc/avr/5.4.0/avr5/memx-const\libgcc.a(_prologue.o)
                0x0000000000003af4                __prologue_saves__

.text.libgcc.prologue
                0x0000000000003b2c       0x36
 .text.libgcc.prologue
                0x0000000000003b2c       0x36 c:/program files/microchip/xc8/v2.36/avr/bin/../lib/gcc/avr/5.4.0/avr5/memx-const\libgcc.a(_epilogue.o)
                0x0000000000003b2c                __epilogue_restores__

.text.APP_INIT  0x0000000000003b62       0x34
 .text.APP_INIT
                0x0000000000003b62       0x34 APP/APP.o
                0x0000000000003b62                APP_INIT

.text.__vfprintf
                0x0000000000003b96       0x30
 .text.__vfprintf
                0x0000000000003b96       0x30 c:/program files/microchip/xc8/v2.36/avr/bin/../lib/gcc/avr/5.4.0/../../../../avr/lib/avr5/memx-const\libc.a(__int_vfprintf.o)
                0x0000000000003b96                __vfprintf

.text.PWM_Init  0x0000000000003bc6       0x2e
 .text.PWM_Init
                0x0000000000003bc6       0x2e MCAL/PWM_TIMER1/PWM_TIMER_1.o
                0x0000000000003bc6                PWM_Init

.text.strlen    0x0000000000003bf4       0x2c
 .text.strlen   0x0000000000003bf4       0x2c c:/program files/microchip/xc8/v2.36/avr/bin/../lib/gcc/avr/5.4.0/../../../../avr/lib/avr5/memx-const\libc.a(strlen.o)
                0x0000000000003bf4                strlen

.text.external_interrupt_register_callback
                0x0000000000003c20       0x2a
 .text.external_interrupt_register_callback
                0x0000000000003c20       0x2a MCAL/EXTERNAL_INT_driver/External_INT.o
                0x0000000000003c20                external_interrupt_register_callback

.text.LONG_STR_IN_MIDDLE_OF_SCREEN
                0x0000000000003c4a       0x28
 .text.LONG_STR_IN_MIDDLE_OF_SCREEN
                0x0000000000003c4a       0x28 APP/APP.o
                0x0000000000003c4a                LONG_STR_IN_MIDDLE_OF_SCREEN

.text.libgcc.div
                0x0000000000003c72       0x28
 .text.libgcc.div
                0x0000000000003c72       0x28 c:/program files/microchip/xc8/v2.36/avr/bin/../lib/gcc/avr/5.4.0/avr5/memx-const\libgcc.a(_udivmodhi4.o)
                0x0000000000003c72                __udivmodhi4

.text.LCD_4_bit_sendString
                0x0000000000003c9a       0x26
 .text.LCD_4_bit_sendString
                0x0000000000003c9a       0x26 HAL/LCD/LCD.o
                0x0000000000003c9a                LCD_4_bit_sendString

.text.LM35_READ
                0x0000000000003cc0       0x26
 .text.LM35_READ
                0x0000000000003cc0       0x26 HAL/LM35/LM35.o
                0x0000000000003cc0                LM35_READ

.text.WriteReg  0x0000000000003ce6       0x26
 .text.WriteReg
                0x0000000000003ce6       0x26 HAL/RFID/RFID.o
                0x0000000000003ce6                WriteReg

.text.main      0x0000000000003d0c       0x26
 .text.main     0x0000000000003d0c       0x26 main.o
                0x0000000000003d0c                main

.text.EXT_INT_Init
                0x0000000000003d32       0x26
 .text.EXT_INT_Init
                0x0000000000003d32       0x26 MCAL/EXTERNAL_INT_driver/External_INT.o
                0x0000000000003d32                EXT_INT_Init

.text.__wrap_sprintf
                0x0000000000003d58       0x26
 .text.__wrap_sprintf
                0x0000000000003d58       0x26 c:/program files/microchip/xc8/v2.36/avr/bin/../lib/gcc/avr/5.4.0/../../../../avr/lib/avr5/memx-const\libc.a(__sio_sprintf_doux.o)
                0x0000000000003d58                _sprintf_cdnopuxX

.text.ULTRASONIC1_COUNT
                0x0000000000003d7e       0x24
 .text.ULTRASONIC1_COUNT
                0x0000000000003d7e       0x24 APP/APP.o
                0x0000000000003d7e                ULTRASONIC1_COUNT

.text.ULTRASONIC2_COUNT
                0x0000000000003da2       0x24
 .text.ULTRASONIC2_COUNT
                0x0000000000003da2       0x24 APP/APP.o
                0x0000000000003da2                ULTRASONIC2_COUNT

.text.i2c_tx_start
                0x0000000000003dc6       0x24
 .text.i2c_tx_start
                0x0000000000003dc6       0x24 MCAL/I2C/I2C.o
                0x0000000000003dc6                i2c_tx_start

.text.ReadReg   0x0000000000003dea       0x22
 .text.ReadReg  0x0000000000003dea       0x22 HAL/RFID/RFID.o
                0x0000000000003dea                ReadReg

.text           0x0000000000003e0c       0x22
 .text          0x0000000000003e0c       0x22 c:/program files/microchip/xc8/v2.36/avr/bin/../lib/gcc/avr/5.4.0/../../../../avr/lib/avr5/memx-const\libm.a(fp_round.o)
                0x0000000000003e0c                __fp_round

.text.ULTRASONIC2_INIT
                0x0000000000003e2e       0x20
 .text.ULTRASONIC2_INIT
                0x0000000000003e2e       0x20 HAL/ULTRASONIC2/ULTRASONIC2.o
                0x0000000000003e2e                ULTRASONIC2_INIT

.text.ULTRASONIC_INIT
                0x0000000000003e4e       0x20
 .text.ULTRASONIC_INIT
                0x0000000000003e4e       0x20 HAL/ULTRASONIC/ULTRASONIC.o
                0x0000000000003e4e                ULTRASONIC_INIT

.text.libgcc    0x0000000000003e6e       0x20
 .text.libgcc   0x0000000000003e6e       0x20 c:/program files/microchip/xc8/v2.36/avr/bin/../lib/gcc/avr/5.4.0/avr5/memx-const\libgcc.a(_negdi2.o)
                0x0000000000003e6e                __negdi2

.text.oledSendCommand
                0x0000000000003e8e       0x1e
 .text.oledSendCommand
                0x0000000000003e8e       0x1e HAL/OLED/OLED_SSD1306.o
                0x0000000000003e8e                oledSendCommand

.text.ClearBitMask
                0x0000000000003eac       0x1e
 .text.ClearBitMask
                0x0000000000003eac       0x1e HAL/RFID/RFID.o
                0x0000000000003eac                ClearBitMask

.text.i2c_tx_byte
                0x0000000000003eca       0x1e
 .text.i2c_tx_byte
                0x0000000000003eca       0x1e MCAL/I2C/I2C.o
                0x0000000000003eca                i2c_tx_byte

.text.SetBitMask
                0x0000000000003ee8       0x1c
 .text.SetBitMask
                0x0000000000003ee8       0x1c HAL/RFID/RFID.o
                0x0000000000003ee8                SetBitMask

.text.libgcc.div
                0x0000000000003f04       0x1c
 .text.libgcc.div
                0x0000000000003f04       0x1c c:/program files/microchip/xc8/v2.36/avr/bin/../lib/gcc/avr/5.4.0/avr5/memx-const\libgcc.a(_udivdi3.o)
                0x0000000000003f04                __umoddi3
                0x0000000000003f08                __udivdi3
                0x0000000000003f0a                __udivdi3_umoddi3

.text.OLED_DisplayString
                0x0000000000003f20       0x1a
 .text.OLED_DisplayString
                0x0000000000003f20       0x1a HAL/OLED/OLED_SSD1306.o
                0x0000000000003f20                OLED_DisplayString

.text.libgcc    0x0000000000003f3a       0x1a
 .text.libgcc   0x0000000000003f3a       0x1a c:/program files/microchip/xc8/v2.36/avr/bin/../lib/gcc/avr/5.4.0/avr5/memx-const\libgcc.a(_movmemx.o)
                0x0000000000003f3a                __movmemx_qi
                0x0000000000003f3c                __movmemx_hi

.text._ultrasonic2__Tim_delay_us
                0x0000000000003f54       0x18
 .text._ultrasonic2__Tim_delay_us
                0x0000000000003f54       0x18 HAL/ULTRASONIC2/ULTRASONIC2.o
                0x0000000000003f54                _ultrasonic2__Tim_delay_us

.text._ultrasonic__Tim_delay_us
                0x0000000000003f6c       0x18
 .text._ultrasonic__Tim_delay_us
                0x0000000000003f6c       0x18 HAL/ULTRASONIC/ULTRASONIC.o
                0x0000000000003f6c                _ultrasonic__Tim_delay_us

.text.EEPROM_WRITE
                0x0000000000003f84       0x18
 .text.EEPROM_WRITE
                0x0000000000003f84       0x18 MCAL/EEPROM/EEPROM.o
                0x0000000000003f84                EEPROM_WRITE

.text.__vsprintf
                0x0000000000003f9c       0x18
 .text.__vsprintf
                0x0000000000003f9c       0x18 c:/program files/microchip/xc8/v2.36/avr/bin/../lib/gcc/avr/5.4.0/../../../../avr/lib/avr5/memx-const\libc.a(__int_vsprintf.o)
                0x0000000000003f9c                __vsprintf

.text.libgcc    0x0000000000003fb4       0x18
 .text.libgcc   0x0000000000003fb4       0x18 c:/program files/microchip/xc8/v2.36/avr/bin/../lib/gcc/avr/5.4.0/avr5/memx-const\libgcc.a(_cmpdi2_s8.o)
                0x0000000000003fb4                __cmpdi2_s8

.text.exit      0x0000000000003fcc       0x16
 .text.exit     0x0000000000003fcc       0x16 c:/program files/microchip/xc8/v2.36/avr/bin/../lib/gcc/avr/5.4.0/../../../../avr/lib/avr5/memx-const\libc.a(exit.o)
                0x0000000000003fcc                exit

.text.LM35_AND_DC_MOTOR_INIT
                0x0000000000003fe2       0x14
 .text.LM35_AND_DC_MOTOR_INIT
                0x0000000000003fe2       0x14 APP/APP.o
                0x0000000000003fe2                LM35_AND_DC_MOTOR_INIT

.text.oledSendStart
                0x0000000000003ff6       0x14
 .text.oledSendStart
                0x0000000000003ff6       0x14 HAL/OLED/OLED_SSD1306.o
                0x0000000000003ff6                oledSendStart

.text.OLED_GoToNextLine
                0x000000000000400a       0x14
 .text.OLED_GoToNextLine
                0x000000000000400a       0x14 HAL/OLED/OLED_SSD1306.o
                0x000000000000400a                OLED_GoToNextLine

.text.EEPROM_READ
                0x000000000000401e       0x12
 .text.EEPROM_READ
                0x000000000000401e       0x12 MCAL/EEPROM/EEPROM.o
                0x000000000000401e                EEPROM_READ

.text.memset    0x0000000000004030       0x12
 .text.memset   0x0000000000004030       0x12 c:/program files/microchip/xc8/v2.36/avr/bin/../lib/gcc/avr/5.4.0/../../../../avr/lib/avr5/memx-const\libc.a(memset.o)
                0x0000000000004030                memset

.text.toupper   0x0000000000004042       0x12
 .text.toupper  0x0000000000004042       0x12 c:/program files/microchip/xc8/v2.36/avr/bin/../lib/gcc/avr/5.4.0/../../../../avr/lib/avr5/memx-const\libc.a(toupper.o)
                0x0000000000004042                toupper

.text.tolower   0x0000000000004054       0x10
 .text.tolower  0x0000000000004054       0x10 c:/program files/microchip/xc8/v2.36/avr/bin/../lib/gcc/avr/5.4.0/../../../../avr/lib/avr5/memx-const\libc.a(tolower.o)
                0x0000000000004054                tolower

.text.i2c_tx_stop
                0x0000000000004064        0xe
 .text.i2c_tx_stop
                0x0000000000004064        0xe MCAL/I2C/I2C.o
                0x0000000000004064                i2c_tx_stop

.text           0x0000000000004072        0xe
 .text          0x0000000000004072        0xe c:/program files/microchip/xc8/v2.36/avr/bin/../lib/gcc/avr/5.4.0/../../../../avr/lib/avr5/memx-const\libm.a(addsf3.o)
                0x0000000000004072                __subsf3
                0x0000000000004074                __addsf3

.text           0x0000000000004080        0xe
 .text          0x0000000000004080        0xe c:/program files/microchip/xc8/v2.36/avr/bin/../lib/gcc/avr/5.4.0/../../../../avr/lib/avr5/memx-const\libm.a(fp_pscA.o)
                0x0000000000004080                __fp_pscA

.text           0x000000000000408e        0xe
 .text          0x000000000000408e        0xe c:/program files/microchip/xc8/v2.36/avr/bin/../lib/gcc/avr/5.4.0/../../../../avr/lib/avr5/memx-const\libm.a(fp_pscB.o)
                0x000000000000408e                __fp_pscB

.text           0x000000000000409c        0xe
 .text          0x000000000000409c        0xe c:/program files/microchip/xc8/v2.36/avr/bin/../lib/gcc/avr/5.4.0/../../../../avr/lib/avr5/memx-const\libm.a(fp_zero.o)
                0x000000000000409c                __fp_zero
                0x000000000000409e                __fp_szero

.text.i2c_init  0x00000000000040aa        0xc
 .text.i2c_init
                0x00000000000040aa        0xc MCAL/I2C/I2C.o
                0x00000000000040aa                i2c_init

.text.WATCHDOG_ON
                0x00000000000040b6        0xc
 .text.WATCHDOG_ON
                0x00000000000040b6        0xc MCAL/WATCHDOG/WATCHDOG.o
                0x00000000000040b6                WATCHDOG_ON

.text           0x00000000000040c2        0xc
 .text          0x00000000000040c2        0xc c:/program files/microchip/xc8/v2.36/avr/bin/../lib/gcc/avr/5.4.0/../../../../avr/lib/avr5/memx-const\libm.a(fp_inf.o)
                0x00000000000040c2                __fp_inf

.text.libgcc    0x00000000000040ce        0xc
 .text.libgcc   0x00000000000040ce        0xc c:/program files/microchip/xc8/v2.36/avr/bin/../lib/gcc/avr/5.4.0/avr5/memx-const\libgcc.a(_tablejump2.o)
                0x00000000000040ce                __tablejump2__

.text.SPI_DATA_RW
                0x00000000000040da        0xa
 .text.SPI_DATA_RW
                0x00000000000040da        0xa MCAL/SPI/SPI.o
                0x00000000000040da                SPI_DATA_RW

.text           0x00000000000040e4        0xa
 .text          0x00000000000040e4        0xa c:/program files/microchip/xc8/v2.36/avr/bin/../lib/gcc/avr/5.4.0/../../../../avr/lib/avr5/memx-const\libm.a(cmpsf2.o)
                0x00000000000040e4                __nesf2
                0x00000000000040e4                __eqsf2
                0x00000000000040e4                __cmpsf2
                0x00000000000040e4                __ltsf2
                0x00000000000040e4                __lesf2

.text.LM35_init
                0x00000000000040ee        0x8
 .text.LM35_init
                0x00000000000040ee        0x8 HAL/LM35/LM35.o
                0x00000000000040ee                LM35_init

.text           0x00000000000040f6        0x8
 .text          0x00000000000040f6        0x8 c:/program files/microchip/xc8/v2.36/avr/bin/../lib/gcc/avr/5.4.0/../../../../avr/lib/avr5/memx-const\libm.a(divsf3.o)
                0x00000000000040f6                __divsf3

.text           0x00000000000040fe        0x8
 .text          0x00000000000040fe        0x8 c:/program files/microchip/xc8/v2.36/avr/bin/../lib/gcc/avr/5.4.0/../../../../avr/lib/avr5/memx-const\libm.a(mulsf3.o)
                0x00000000000040fe                __mulsf3

.text.BUTTON_1_INT
                0x0000000000004106        0x6
 .text.BUTTON_1_INT
                0x0000000000004106        0x6 APP/APP.o
                0x0000000000004106                BUTTON_1_INT

.text.oledSendStop
                0x000000000000410c        0x6
 .text.oledSendStop
                0x000000000000410c        0x6 HAL/OLED/OLED_SSD1306.o
                0x000000000000410c                oledSendStop

.text.oledSendByte
                0x0000000000004112        0x6
 .text.oledSendByte
                0x0000000000004112        0x6 HAL/OLED/OLED_SSD1306.o
                0x0000000000004112                oledSendByte

.text           0x0000000000004118        0x6
 .text          0x0000000000004118        0x6 c:/program files/microchip/xc8/v2.36/avr/bin/../lib/gcc/avr/5.4.0/../../../../avr/lib/avr5/memx-const\libm.a(fp_nan.o)
                0x0000000000004118                __fp_nan

.text.__dummy_fmt4
                0x000000000000411e        0x6
 .text.__dummy_fmt4
                0x000000000000411e        0x6 c:/program files/microchip/xc8/v2.36/avr/bin/../lib/gcc/avr/5.4.0/../../../../avr/lib/avr5/memx-const\libc.a(__printf_core.o)
                0x000000000000411e                __fmt_fp
                0x000000000000411e                __fmt_a

.text           0x0000000000004124        0x4
 .text          0x0000000000004124        0x4 C:/Program Files (x86)/Atmel/Studio/7.0/Packs/atmel/ATmega_DFP/1.7.374/xc8/avr/lib/avr5/memx-const/crtatmega32.o
                0x0000000000004124                __vector_12
                0x0000000000004124                __bad_interrupt
                0x0000000000004124                __vector_13
                0x0000000000004124                __vector_17
                0x0000000000004124                __vector_19
                0x0000000000004124                __vector_7
                0x0000000000004124                __vector_9
                0x0000000000004124                __vector_15
                0x0000000000004124                __vector_8
                0x0000000000004124                __vector_14
                0x0000000000004124                __vector_16
                0x0000000000004124                __vector_18
                0x0000000000004124                __vector_20

.text._Exit     0x0000000000004128        0x4
 .text._Exit    0x0000000000004128        0x4 c:/program files/microchip/xc8/v2.36/avr/bin/../lib/gcc/avr/5.4.0/../../../../avr/lib/avr5/memx-const\libc.a(_Exit.o)
                0x0000000000004128                _Exit

.text.__dummy_fini
                0x000000000000412c        0x2
 .text.__dummy_fini
                0x000000000000412c        0x2 c:/program files/microchip/xc8/v2.36/avr/bin/../lib/gcc/avr/5.4.0/../../../../avr/lib/avr5/memx-const\libc.a(exit.o)
                0x000000000000412c                _fini

.text.__dummy_funcs_on_exit
                0x000000000000412e        0x2
 .text.__dummy_funcs_on_exit
                0x000000000000412e        0x2 c:/program files/microchip/xc8/v2.36/avr/bin/../lib/gcc/avr/5.4.0/../../../../avr/lib/avr5/memx-const\libc.a(exit.o)
                0x000000000000412e                __funcs_on_exit

.text.__dummy_simulator_exit
                0x0000000000004130        0x2
 .text.__dummy_simulator_exit
                0x0000000000004130        0x2 c:/program files/microchip/xc8/v2.36/avr/bin/../lib/gcc/avr/5.4.0/../../../../avr/lib/avr5/memx-const\libc.a(exit.o)
                0x0000000000004130                __simulator_exit

.data.config    0x0000000000800068        0x6 load address 0x0000000000004132
 .data.config   0x0000000000800068        0x6 MCAL/EXTERNAL_INT_driver/External_INT.o

.data.config    0x000000000080006e        0x5 load address 0x0000000000004138
 .data.config   0x000000000080006e        0x5 HAL/ULTRASONIC2/ULTRASONIC2.o

.data.config    0x0000000000800073        0x5 load address 0x000000000000413d
 .data.config   0x0000000000800073        0x5 HAL/ULTRASONIC/ULTRASONIC.o

.data.ADC_Config
                0x0000000000800089        0x3 load address 0x0000000000004142
 .data.ADC_Config
                0x0000000000800089        0x3 MCAL/ADC/ADC.o
                0x0000000000800089                ADC_Config
